 win32_platform

 Timestamp is 6a352c0a (Fri Jun 19 21:46:18 2026)

 Preferred load address is 0000000140000000

 Start         Length     Name                   Class
 0001:00000000 0000ce70H .text$mn                CODE
 0001:0000ce70 00000060H .text$mn$00             CODE
 0001:0000ced0 00000b10H .text$mn$21             CODE
 0001:0000d9e0 00000450H .text$x                 CODE
 0002:00000000 000002f0H .idata$5                DATA
 0002:000002f0 00000038H .00cfg                  DATA
 0002:00000328 00000008H .CRT$XCA                DATA
 0002:00000330 00000008H .CRT$XCAA               DATA
 0002:00000338 00000008H .CRT$XCZ                DATA
 0002:00000340 00000008H .CRT$XIA                DATA
 0002:00000348 00000008H .CRT$XIAA               DATA
 0002:00000350 00000008H .CRT$XIAC               DATA
 0002:00000358 00000020H .CRT$XIC                DATA
 0002:00000378 00000008H .CRT$XIZ                DATA
 0002:00000380 00000008H .CRT$XPA                DATA
 0002:00000388 00000010H .CRT$XPX                DATA
 0002:00000398 00000008H .CRT$XPXA               DATA
 0002:000003a0 00000008H .CRT$XPZ                DATA
 0002:000003a8 00000008H .CRT$XTA                DATA
 0002:000003b0 00000010H .CRT$XTZ                DATA
 0002:000003b8 00000000H .gehcont$y              DATA
 0002:000003b8 00000000H .gfids$y                DATA
 0002:000003c0 000076f0H .rdata                  DATA
 0002:00007ab0 000001d0H .rdata$00               DATA
 0002:00007c80 00000000H .rdata$CastGuardVftablesA DATA
 0002:00007c80 00000000H .rdata$CastGuardVftablesC DATA
 0002:00007c80 0000016cH .rdata$r                DATA
 0002:00007dec 000000d4H .rdata$voltmd           DATA
 0002:00007ec0 000003a8H .rdata$zzzdbg           DATA
 0002:00008268 00000008H .rtc$IAA                DATA
 0002:00008270 00000008H .rtc$IZZ                DATA
 0002:00008278 00000008H .rtc$TAA                DATA
 0002:00008280 00000008H .rtc$TZZ                DATA
 0002:00008288 00000fb8H .xdata                  DATA
 0002:00009240 00000084H .xdata$x                DATA
 0002:000092c4 00000000H .edata                  DATA
 0002:000092c4 0000003cH .idata$2                DATA
 0002:00009300 00000018H .idata$3                DATA
 0002:00009318 000002f0H .idata$4                DATA
 0002:00009608 00000684H .idata$6                DATA
 0003:00000000 00000a40H .data                   DATA
 0003:00000a40 00000050H .data$r                 DATA
 0003:00000a90 00000020H .data$rs                DATA
 0003:00000ab0 00000b40H .bss                    DATA
 0004:00000000 00000fe4H .pdata                  DATA
 0005:00000000 00000100H .fptable                DATA

  Address         Publics by Value              Rva+Base               Lib:Object

 0000:00000000       __AbsoluteZero             0000000000000000     <absolute>
 0000:00000000       ___safe_se_handler_count   0000000000000000     <absolute>
 0000:00000000       ___safe_se_handler_table   0000000000000000     <absolute>
 0000:00000000       __arm64x_extra_rfe_table   0000000000000000     <absolute>
 0000:00000000       __arm64x_extra_rfe_table_size 0000000000000000     <absolute>
 0000:00000000       __arm64x_native_entrypoint 0000000000000000     <absolute>
 0000:00000000       __arm64x_redirection_metadata 0000000000000000     <absolute>
 0000:00000000       __arm64x_redirection_metadata_count 0000000000000000     <absolute>
 0000:00000000       __dynamic_value_reloc_table 0000000000000000     <absolute>
 0000:00000000       __enclave_config           0000000000000000     <absolute>
 0000:00000000       __guard_check_icall_a64n_fptr 0000000000000000     <absolute>
 0000:00000000       __guard_eh_cont_count      0000000000000000     <absolute>
 0000:00000000       __guard_eh_cont_table      0000000000000000     <absolute>
 0000:00000000       __guard_fids_count         0000000000000000     <absolute>
 0000:00000000       __guard_fids_table         0000000000000000     <absolute>
 0000:00000000       __guard_iat_count          0000000000000000     <absolute>
 0000:00000000       __guard_iat_table          0000000000000000     <absolute>
 0000:00000000       __guard_longjmp_count      0000000000000000     <absolute>
 0000:00000000       __guard_longjmp_table      0000000000000000     <absolute>
 0000:00000000       __hybrid_auxiliary_delayload_iat 0000000000000000     <absolute>
 0000:00000000       __hybrid_auxiliary_delayload_iat_copy 0000000000000000     <absolute>
 0000:00000000       __hybrid_auxiliary_iat     0000000000000000     <absolute>
 0000:00000000       __hybrid_auxiliary_iat_copy 0000000000000000     <absolute>
 0000:00000000       __hybrid_code_map          0000000000000000     <absolute>
 0000:00000000       __hybrid_code_map_count    0000000000000000     <absolute>
 0000:00000000       __hybrid_image_info_bitfield 0000000000000000     <absolute>
 0000:00000000       __x64_code_ranges_to_entry_points 0000000000000000     <absolute>
 0000:00000000       __x64_code_ranges_to_entry_points_count 0000000000000000     <absolute>
 0000:00000100       __guard_flags              0000000000000100     <absolute>
 0000:00000000       __ImageBase                0000000140000000     <linker-defined>
 0001:00000000       WinMain                    0000000140001000 f   win32_platform.obj
 0001:00000770       ?Win32MainWindowCallback@@YA_JPEAUHWND__@@I_K_J@Z 0000000140001770 f   win32_platform.obj
 0001:00000a10       ?DEBUGPlatformFreeFileMemory@@YAXPEAX@Z 0000000140001a10 f   win32_platform.obj
 0001:00000a40       ?DEBUGPlatformReadEntireFile@@YA?AUDebug_Read_File_Result@@PEAD@Z 0000000140001a40 f   win32_platform.obj
 0001:00000b90       ?DEBUGPlatformWriteEntireFile@@YAHPEADIPEAX@Z 0000000140001b90 f   win32_platform.obj
 0001:00000ef0       __report_gsfailure         0000000140001ef0 f   LIBCMT:gs_report.obj
 0001:00000f00       __GSHandlerCheck           0000000140001f00 f   LIBCMT:gshandler.obj
 0001:00000f20       __GSHandlerCheckCommon     0000000140001f20 f   LIBCMT:gshandler.obj
 0001:00001100       __security_check_cookie    0000000140002100 f   LIBCMT:amdsecgs.obj
 0001:00001390       WinMainCRTStartup          0000000140002390 f   LIBCMT:exe_winmain.obj
 0001:000013b0       __scrt_acquire_startup_lock 00000001400023b0 f   LIBCMT:utility.obj
 0001:00001400       __scrt_initialize_crt      0000000140002400 f   LIBCMT:utility.obj
 0001:00001440       __scrt_initialize_onexit_tables 0000000140002440 f   LIBCMT:utility.obj
 0001:000014e0       __scrt_is_nonwritable_in_current_image 00000001400024e0 f   LIBCMT:utility.obj
 0001:00001580       __scrt_release_startup_lock 0000000140002580 f   LIBCMT:utility.obj
 0001:000015b0       __scrt_uninitialize_crt    00000001400025b0 f   LIBCMT:utility.obj
 0001:000015e0       atexit                     00000001400025e0 f   LIBCMT:utility.obj
 0001:00001620       __security_init_cookie     0000000140002620 f   LIBCMT:gs_support.obj
 0001:000016e0       __scrt_exe_initialize_mta  00000001400026e0 f   LIBCMT:utility_desktop.obj
 0001:000016e0       __scrt_initialize_winrt    00000001400026e0 f   LIBCMT:utility_desktop.obj
 0001:000016e0       __scrt_stub_for_initialize_mta 00000001400026e0 f   LIBCMT:utility_desktop.obj
 0001:000016e0       _get_startup_commit_mode   00000001400026e0 f   LIBCMT:commit_mode.obj
 0001:000016e0       _get_startup_new_mode      00000001400026e0 f   LIBCMT:new_mode.obj
 0001:000016e0       _get_startup_thread_locale_mode 00000001400026e0 f   LIBCMT:thread_locale.obj
 0001:000016e0       _matherr                   00000001400026e0 f   LIBCMT:matherr.obj
 0001:000016f0       _get_startup_argv_mode     00000001400026f0 f   LIBCMT:argv_mode.obj
 0001:00001700       _get_startup_file_mode     0000000140002700 f   LIBCMT:file_mode.obj
 0001:00001710       ?__scrt_initialize_type_info@@YAXXZ 0000000140002710 f   LIBCMT:tncleanup.obj
 0001:00001720       __acrt_uninitialize_command_line 0000000140002720 f   libucrt:argv_data.obj
 0001:00001720       _should_initialize_environment 0000000140002720 f   LIBCMT:env_mode.obj
 0001:00001730       _guard_check_icall_nop     0000000140002730 f   LIBCMT:guard_support.obj
 0001:00001730       _initialize_denormal_control 0000000140002730 f   LIBCMT:denormal_control.obj
 0001:00001730       _initialize_invalid_parameter_handler 0000000140002730 f   LIBCMT:invalid_parameter_handler.obj
 0001:00001740       __local_stdio_printf_options 0000000140002740 f i LIBCMT:default_local_stdio_options.obj
 0001:00001750       __local_stdio_scanf_options 0000000140002750 f i LIBCMT:default_local_stdio_options.obj
 0001:00001760       __scrt_initialize_default_local_stdio_options 0000000140002760 f   LIBCMT:default_local_stdio_options.obj
 0001:00001780       __scrt_is_user_matherr_present 0000000140002780 f   LIBCMT:matherr_detection.obj
 0001:00001790       __scrt_get_dyn_tls_init_callback 0000000140002790 f   LIBCMT:dyn_tls_init.obj
 0001:000017a0       __scrt_get_dyn_tls_dtor_callback 00000001400027a0 f   LIBCMT:dyn_tls_dtor.obj
 0001:000017b0       __crt_debugger_hook        00000001400027b0 f   LIBCMT:utility_desktop.obj
 0001:000017c0       __scrt_fastfail            00000001400027c0 f   LIBCMT:utility_desktop.obj
 0001:000017d0       __scrt_get_show_window_mode 00000001400027d0 f   LIBCMT:utility_desktop.obj
 0001:00001830       __scrt_initialize_mta      0000000140002830 f   LIBCMT:utility_desktop.obj
 0001:00001840       __scrt_is_managed_app      0000000140002840 f   LIBCMT:utility_desktop.obj
 0001:000018a0       __scrt_set_unhandled_exception_filter 00000001400028a0 f   LIBCMT:utility_desktop.obj
 0001:000018b0       __scrt_unhandled_exception_filter 00000001400028b0 f   LIBCMT:utility_desktop.obj
 0001:00001910       _RTC_Initialize            0000000140002910 f   LIBCMT:initsect.obj
 0001:00001960       _RTC_Terminate             0000000140002960 f   LIBCMT:initsect.obj
 0001:000019b0       __isa_available_init       00000001400029b0 f   LIBCMT:cpu_disp.obj
 0001:00001c60       __scrt_is_ucrt_dll_in_use  0000000140002c60 f   LIBCMT:ucrt_detection.obj
 0001:00001c70       __C_specific_handler       0000000140002c70 f   libvcruntime:riscchandler.obj
 0001:00001e90       __vcrt_initialize          0000000140002e90 f   libvcruntime:initialization.obj
 0001:00001ec0       __vcrt_uninitialize        0000000140002ec0 f   libvcruntime:initialization.obj
 0001:00001ee0       __std_type_info_compare    0000000140002ee0 f   libvcruntime:std_type_info.obj
 0001:00001f10       __DestructExceptionObject  0000000140002f10 f   libvcruntime:ehhelpers.obj
 0001:00001f80       ?_CallMemberFunction0@@YAXQEAX0@Z 0000000140002f80 f i libvcruntime:ehhelpers.obj
 0001:00001f90       _IsExceptionObjectToBeDestroyed 0000000140002f90 f   libvcruntime:ehhelpers.obj
 0001:00001fd0       __AdjustPointer            0000000140002fd0 f   libvcruntime:ehhelpers.obj
 0001:00002000       __FrameUnwindFilter        0000000140003000 f   libvcruntime:ehhelpers.obj
 0001:00002070       __current_exception        0000000140003070 f   libvcruntime:ehhelpers.obj
 0001:00002090       __current_exception_context 0000000140003090 f   libvcruntime:ehhelpers.obj
 0001:000020b0       __std_terminate            00000001400030b0 f   libvcruntime:ehhelpers.obj
 0001:000020f0       _NLG_Notify                00000001400030f0 f   libvcruntime:notify.obj
 0001:00002110       __NLG_Dispatch2            0000000140003110 f   libvcruntime:notify.obj
 0001:00002120       __NLG_Return2              0000000140003120 f   libvcruntime:notify.obj
 0001:00002130       __except_validate_context_record 0000000140003130 f   libvcruntime:jbcxrval.obj
 0001:00002170       __vcrt_freefls             0000000140003170 f   libvcruntime:per_thread_data.obj
 0001:00002190       __vcrt_getptd              0000000140003190 f   libvcruntime:per_thread_data.obj
 0001:00002270       __vcrt_initialize_ptd      0000000140003270 f   libvcruntime:per_thread_data.obj
 0001:000022e0       __vcrt_uninitialize_ptd    00000001400032e0 f   libvcruntime:per_thread_data.obj
 0001:00002310       __vcrt_initialize_locks    0000000140003310 f   libvcruntime:locks.obj
 0001:000023a0       __vcrt_uninitialize_locks  00000001400033a0 f   libvcruntime:locks.obj
 0001:000023f0       ??$_CallSETranslator@V__FrameHandler3@@@@YAHPEAUEHExceptionRecord@@PEA_KPEAU_CONTEXT@@PEAU_xDISPATCHER_CONTEXT@@PEBU_s_FuncInfo@@K1H@Z 00000001400033f0 f i libvcruntime:risctrnsctrl.obj
 0001:00002440       ?ExecutionInCatch@__FrameHandler3@@SA_NPEAU_xDISPATCHER_CONTEXT@@PEBU_s_FuncInfo@@@Z 0000000140003440 f   libvcruntime:risctrnsctrl.obj
 0001:000024b0       ?FrameUnwindToEmptyState@__FrameHandler3@@SAXPEA_KPEAU_xDISPATCHER_CONTEXT@@PEBU_s_FuncInfo@@@Z 00000001400034b0 f   libvcruntime:risctrnsctrl.obj
 0001:000025e0       ?GetEstablisherFrame@__FrameHandler3@@SAPEA_KPEA_KPEAU_xDISPATCHER_CONTEXT@@PEBU_s_FuncInfo@@0@Z 00000001400035e0 f   libvcruntime:risctrnsctrl.obj
 0001:000026e0       ?GetRangeOfTrysToCheck@__FrameHandler3@@SA?AU?$pair@Viterator@TryBlockMap@__FrameHandler3@@V123@@std@@AEAVTryBlockMap@1@HPEAU_xDISPATCHER_CONTEXT@@PEBU_s_FuncInfo@@H@Z 00000001400036e0 f   libvcruntime:risctrnsctrl.obj
 0001:00002810       ?UnwindNestedFrames@__FrameHandler3@@SAXPEA_KPEAUEHExceptionRecord@@PEAU_CONTEXT@@0PEAXPEBU_s_FuncInfo@@HHPEBU_s_HandlerType@@PEAU_xDISPATCHER_CONTEXT@@E@Z 0000000140003810 f   libvcruntime:risctrnsctrl.obj
 0001:00002940       _CreateFrameInfo           0000000140003940 f   libvcruntime:risctrnsctrl.obj
 0001:00002980       _FindAndUnlinkFrame        0000000140003980 f   libvcruntime:risctrnsctrl.obj
 0001:000029e0       _GetImageBase              00000001400039e0 f   libvcruntime:risctrnsctrl.obj
 0001:00002a00       _GetThrowImageBase         0000000140003a00 f   libvcruntime:risctrnsctrl.obj
 0001:00002a20       _SetImageBase              0000000140003a20 f   libvcruntime:risctrnsctrl.obj
 0001:00002a40       _SetThrowImageBase         0000000140003a40 f   libvcruntime:risctrnsctrl.obj
 0001:00002a60       __CxxFrameHandler3         0000000140003a60 f   libvcruntime:risctrnsctrl.obj
 0001:00002ae0       ?GetCurrentState@__FrameHandler3@@SAHPEA_KPEAU_xDISPATCHER_CONTEXT@@PEBU_s_FuncInfo@@@Z 0000000140003ae0 f   libvcruntime:ehstate.obj
 0001:00002b70       ?GetUnwindTryBlock@__FrameHandler3@@SAHPEA_KPEAU_xDISPATCHER_CONTEXT@@PEBU_s_FuncInfo@@@Z 0000000140003b70 f   libvcruntime:ehstate.obj
 0001:00002ba0       ?SetState@__FrameHandler3@@SAXPEA_KPEAU_xDISPATCHER_CONTEXT@@PEBU_s_FuncInfo@@H@Z 0000000140003ba0 f   libvcruntime:ehstate.obj
 0001:00002bb0       ?SetUnwindTryBlock@__FrameHandler3@@SAXPEA_KPEAU_xDISPATCHER_CONTEXT@@PEBU_s_FuncInfo@@H@Z 0000000140003bb0 f   libvcruntime:ehstate.obj
 0001:00002bf0       ?StateFromControlPc@__FrameHandler3@@SAHPEBU_s_FuncInfo@@PEAU_xDISPATCHER_CONTEXT@@@Z 0000000140003bf0 f   libvcruntime:ehstate.obj
 0001:00002c60       ?StateFromIp@__FrameHandler3@@SAHPEBU_s_FuncInfo@@PEAU_xDISPATCHER_CONTEXT@@_K@Z 0000000140003c60 f   libvcruntime:ehstate.obj
 0001:00003780       ??$TypeMatchHelper@V__FrameHandler3@@@@YAHPEBU_s_HandlerType@@PEBU_s_CatchableType@@PEBU_s_ThrowInfo@@@Z 0000000140004780 f i libvcruntime:frame.obj
 0001:000038b0       ??$__InternalCxxFrameHandler@V__FrameHandler3@@@@YA?AW4_EXCEPTION_DISPOSITION@@PEAUEHExceptionRecord@@PEA_KPEAU_CONTEXT@@PEAU_xDISPATCHER_CONTEXT@@PEBU_s_FuncInfo@@H1E@Z 00000001400048b0 f i libvcruntime:frame.obj
 0001:00003ae0       ??$__InternalCxxFrameHandlerWrapper@V__FrameHandler3@@@@YA?AW4_EXCEPTION_DISPOSITION@@PEAUEHExceptionRecord@@PEA_KPEAU_CONTEXT@@PEAU_xDISPATCHER_CONTEXT@@PEBU_s_FuncInfo@@H1E@Z 0000000140004ae0 f i libvcruntime:frame.obj
 0001:00003af0       ??0bad_exception@std@@QEAA@AEBV01@@Z 0000000140004af0 f i libvcruntime:frame.obj
 0001:00003b30       ??0bad_exception@std@@QEAA@XZ 0000000140004b30 f i libvcruntime:frame.obj
 0001:00003b60       ??0exception@std@@QEAA@AEBV01@@Z 0000000140004b60 f i libvcruntime:frame.obj
 0001:00003ba0       ??1bad_exception@std@@UEAA@XZ 0000000140004ba0 f i libvcruntime:frame.obj
 0001:00003bc0       ??_Ebad_exception@std@@UEAAPEAXI@Z 0000000140004bc0 f i libvcruntime:frame.obj
 0001:00003bc0       ??_Eexception@std@@UEAAPEAXI@Z 0000000140004bc0 f i libvcruntime:frame.obj
 0001:00003bc0       ??_Gbad_exception@std@@UEAAPEAXI@Z 0000000140004bc0 f i libvcruntime:frame.obj
 0001:00003bc0       ??_Gexception@std@@UEAAPEAXI@Z 0000000140004bc0 f i libvcruntime:frame.obj
 0001:00003c10       ?CxxCallCatchBlock@__FrameHandler3@@SAPEAXPEAU_EXCEPTION_RECORD@@@Z 0000000140004c10 f   libvcruntime:frame.obj
 0001:00003eb0       ?FrameUnwindToState@__FrameHandler3@@SAXPEA_KPEAU_xDISPATCHER_CONTEXT@@PEBU_s_FuncInfo@@H@Z 0000000140004eb0 f   libvcruntime:frame.obj
 0001:00004200       ?_CallMemberFunction1@@YAXQEAX00@Z 0000000140005200 f i libvcruntime:frame.obj
 0001:00004210       ?_CallMemberFunction2@@YAXQEAX00H@Z 0000000140005210 f i libvcruntime:frame.obj
 0001:00004220       ?what@exception@std@@UEBAPEBDXZ 0000000140005220 f i libvcruntime:frame.obj
 0001:00004280       _CallSettingFrame          0000000140005280 f   libvcruntime:handlers.obj
 0001:000042c0       __std_exception_copy       00000001400052c0 f   libvcruntime:std_exception.obj
 0001:00004360       __std_exception_destroy    0000000140005360 f   libvcruntime:std_exception.obj
 0001:000043a0       _CxxThrowException         00000001400053a0 f   libvcruntime:throw.obj
 0001:0000444c       _seh_filter_exe            000000014000544c f   libucrt:exception_filter.obj
 0001:000045b8       _query_app_type            00000001400055b8 f   libucrt:report_runtime_error.obj
 0001:000045c0       _set_app_type              00000001400055c0 f   libucrt:report_runtime_error.obj
 0001:000045d0       __acrt_initialize_user_matherr 00000001400055d0 f   libucrt:matherr.obj
 0001:000045e0       __setusermatherr           00000001400055e0 f   libucrt:matherr.obj
 0001:000047c4       __acrt_allocate_buffer_for_argv 00000001400057c4 f   libucrt:argv_parsing.obj
 0001:00004824       _configure_narrow_argv     0000000140005824 f   libucrt:argv_parsing.obj
 0001:00004ba8       __dcrt_uninitialize_environments_nolock 0000000140005ba8 f   libucrt:environment_initialization.obj
 0001:00004bec       _initialize_narrow_environment 0000000140005bec f   libucrt:environment_initialization.obj
 0001:00004bf4       _get_narrow_winmain_command_line 0000000140005bf4 f   libucrt:argv_winmain.obj
 0001:00004c68       _initterm                  0000000140005c68 f   libucrt:initterm.obj
 0001:00004ca0       _initterm_e                0000000140005ca0 f   libucrt:initterm.obj
 0001:00004f4c       __acrt_initialize_thread_local_exit_callback 0000000140005f4c f   libucrt:exit.obj
 0001:00004f54       _c_exit                    0000000140005f54 f   libucrt:exit.obj
 0001:00004f64       _cexit                     0000000140005f64 f   libucrt:exit.obj
 0001:00004f74       _exit                      0000000140005f74 f   libucrt:exit.obj
 0001:00004f80       _register_thread_local_exe_atexit_callback 0000000140005f80 f   libucrt:exit.obj
 0001:00004fbc       exit                       0000000140005fbc f   libucrt:exit.obj
 0001:00004fc8       _set_fmode                 0000000140005fc8 f   libucrt:setmode.obj
 0001:00005078       __acrt_set_locale_changed  0000000140006078 f   libucrt:wsetlocale.obj
 0001:00005084       __acrt_uninitialize_locale 0000000140006084 f   libucrt:wsetlocale.obj
 0001:000050b4       _configthreadlocale        00000001400060b4 f   libucrt:wsetlocale.obj
 0001:00005120       _query_new_mode            0000000140006120 f   libucrt:new_mode.obj
 0001:00005130       _set_new_mode              0000000140006130 f   libucrt:new_mode.obj
 0001:0000515c       __p__commode               000000014000615c f   libucrt:ncommode.obj
 0001:000054a4       _crt_atexit                00000001400064a4 f   libucrt:onexit.obj
 0001:000054b4       _execute_onexit_table      00000001400064b4 f   libucrt:onexit.obj
 0001:000054f8       _initialize_onexit_table   00000001400064f8 f   libucrt:onexit.obj
 0001:00005520       _register_onexit_function  0000000140006520 f   libucrt:onexit.obj
 0001:00005694       __acrt_initialize          0000000140006694 f   libucrt:initialization.obj
 0001:000056a8       __acrt_uninitialize        00000001400066a8 f   libucrt:initialization.obj
 0001:000056e0       terminate                  00000001400066e0 f   libucrt:terminate.obj
 0001:00005700       free                       0000000140006700 f   libucrt:free.obj
 0001:00005710       malloc                     0000000140006710 f   libucrt:malloc.obj
 0001:00005720       strcpy_s                   0000000140006720 f   libucrt:strcpy_s.obj
 0001:000057a0       abort                      00000001400067a0 f   libucrt:abort.obj
 0001:00005800       calloc                     0000000140006800 f   libucrt:calloc.obj
 0001:00005810       ?get_raw_ptd@__crt_cached_ptd_host@@QEAAPEAU__acrt_ptd@@XZ 0000000140006810 f i libucrt:output.obj
 0001:00005880       ?update_locale_slow@__crt_cached_ptd_host@@AEAAXXZ 0000000140006880 f i libucrt:output.obj
 0001:00005c10       ?internal_get_ptd_head_slow@@YAPEAU__acrt_ptd@@XZ 0000000140006c10 f   libucrt:per_thread_data.obj
 0001:00005d30       __acrt_getptd              0000000140006d30 f   libucrt:per_thread_data.obj
 0001:00005d4c       __acrt_getptd_head         0000000140006d4c f   libucrt:per_thread_data.obj
 0001:00005d90       __acrt_getptd_noexit       0000000140006d90 f   libucrt:per_thread_data.obj
 0001:00005e20       __acrt_getptd_noexit_explicit 0000000140006e20 f   libucrt:per_thread_data.obj
 0001:00005e7c       __acrt_initialize_ptd      0000000140006e7c f   libucrt:per_thread_data.obj
 0001:00005ec0       __acrt_uninitialize_ptd    0000000140006ec0 f   libucrt:per_thread_data.obj
 0001:00005ef0       ?get_raw_ptd_noexit@__crt_cached_ptd_host@@QEAAPEAU__acrt_ptd@@XZ 0000000140006ef0 f i libucrt:invalid_parameter.obj
 0001:00005f5c       ?value@?$dual_state_global@P6AXPEB_W00I_K@Z@__crt_state_management@@QEAAAEAP6AXPEB_W00I_K@ZAEAV__crt_cached_ptd_host@@@Z 0000000140006f5c f i libucrt:invalid_parameter.obj
 0001:00005fa8       __acrt_call_reportfault    0000000140006fa8 f   libucrt:invalid_parameter.obj
 0001:00006118       __acrt_initialize_invalid_parameter_handler 0000000140007118 f   libucrt:invalid_parameter.obj
 0001:00006120       _invalid_parameter         0000000140007120 f   libucrt:invalid_parameter.obj
 0001:000061bc       _invalid_parameter_internal 00000001400071bc f   libucrt:invalid_parameter.obj
 0001:00006274       _invalid_parameter_noinfo  0000000140007274 f   libucrt:invalid_parameter.obj
 0001:00006294       _invoke_watson             0000000140007294 f   libucrt:invalid_parameter.obj
 0001:000062dc       __acrt_errno_from_os_error 00000001400072dc f   libucrt:errno.obj
 0001:000063ac       __acrt_errno_map_os_error  00000001400073ac f   libucrt:errno.obj
 0001:000063d4       __acrt_errno_map_os_error_ptd 00000001400073d4 f   libucrt:errno.obj
 0001:000063f8       __doserrno                 00000001400073f8 f   libucrt:errno.obj
 0001:0000641c       _errno                     000000014000741c f   libucrt:errno.obj
 0001:00006440       _calloc_base               0000000140007440 f   libucrt:calloc_base.obj
 0001:000064c0       _free_base                 00000001400074c0 f   libucrt:free_base.obj
 0001:0000652c       ??$__acrt_convert_wcs_mbs_cp@D_WV<lambda_7c9dea7b4ca7285d2cdb541a38da6275>@@U__crt_win32_buffer_internal_dynamic_resizing@@@@YAHQEBDAEAV?$__crt_win32_buffer@_WU__crt_win32_buffer_internal_dynamic_resizing@@@@AEBV<lambda_7c9dea7b4ca7285d2cdb541a38da6275>@@I@Z 000000014000752c f i libucrt:argv_wildcards.obj
 0001:000066cc       ??$__acrt_convert_wcs_mbs_cp@_WDV<lambda_d8593a27d1aa8c02be35c86a17d324c4>@@U__crt_win32_buffer_internal_dynamic_resizing@@@@YAHQEB_WAEAV?$__crt_win32_buffer@DU__crt_win32_buffer_internal_dynamic_resizing@@@@AEBV<lambda_d8593a27d1aa8c02be35c86a17d324c4>@@I@Z 00000001400076cc f i libucrt:argv_wildcards.obj
 0001:00006f98       ??0_LocaleUpdate@@QEAA@QEAU__crt_locale_pointers@@@Z 0000000140007f98 f i libucrt:argv_wildcards.obj
 0001:00007034       __acrt_expand_narrow_argv_wildcards 0000000140008034 f   libucrt:argv_wildcards.obj
 0001:0000703c       ??$__acrt_convert_wcs_mbs_cp@_WDV<lambda_f788ae46380686e8b737efdd8c720d07>@@U__crt_win32_buffer_no_resizing@@@@YAHQEB_WAEAV?$__crt_win32_buffer@DU__crt_win32_buffer_no_resizing@@@@AEBV<lambda_f788ae46380686e8b737efdd8c720d07>@@I@Z 000000014000803c f i libucrt:getmodulefilenamea.obj
 0001:00007158       __acrt_GetModuleFileNameA  0000000140008158 f   libucrt:getmodulefilenamea.obj
 0001:00007a84       __acrt_initialize_multibyte 0000000140008a84 f   libucrt:mbctype.obj
 0001:00007ae4       __acrt_update_thread_multibyte_data 0000000140008ae4 f   libucrt:mbctype.obj
 0001:00007b00       _setmbcp_nolock            0000000140008b00 f   libucrt:mbctype.obj
 0001:00007e3c       _ismbblead                 0000000140008e3c f   libucrt:ismbbyte.obj
 0001:00007e50       __acrt_initialize_command_line 0000000140008e50 f   libucrt:argv_data.obj
 0001:00007e78       __acrt_MultiByteToWideChar 0000000140008e78 f   libucrt:multibytetowidechar.obj
 0001:00007f08       __acrt_WideCharToMultiByte 0000000140008f08 f   libucrt:widechartomultibyte.obj
 0001:00007fe8       __dcrt_get_narrow_environment_from_os 0000000140008fe8 f   libucrt:get_environment_from_os.obj
 0001:000080f8       __acrt_initialize_locks    00000001400090f8 f   libucrt:locks.obj
 0001:00008140       __acrt_lock                0000000140009140 f   libucrt:locks.obj
 0001:0000815c       __acrt_uninitialize_locks  000000014000915c f   libucrt:locks.obj
 0001:00008194       __acrt_unlock              0000000140009194 f   libucrt:locks.obj
 0001:000081b0       __acrt_app_verifier_enabled 00000001400091b0 f   libucrt:peb_access.obj
 0001:000081cc       __acrt_is_secure_process   00000001400091cc f   libucrt:peb_access.obj
 0001:000081e4       __acrt_get_process_end_policy 00000001400091e4 f   libucrt:win_policies.obj
 0001:00008214       __acrt_lowio_create_handle_array 0000000140009214 f   libucrt:osfinfo.obj
 0001:000082bc       __acrt_lowio_destroy_handle_array 00000001400092bc f   libucrt:osfinfo.obj
 0001:0000830c       __acrt_lowio_ensure_fh_exists 000000014000930c f   libucrt:osfinfo.obj
 0001:000083b4       __acrt_lowio_lock_fh       00000001400093b4 f   libucrt:osfinfo.obj
 0001:000083dc       __acrt_lowio_unlock_fh     00000001400093dc f   libucrt:osfinfo.obj
 0001:00008404       _free_osfhnd               0000000140009404 f   libucrt:osfinfo.obj
 0001:000084c0       _get_osfhandle             00000001400094c0 f   libucrt:osfinfo.obj
 0001:00008538       __acrt_initialize_fmode    0000000140009538 f   libucrt:txtmode.obj
 0001:00008758       __acrt_initialize_lowio    0000000140009758 f   libucrt:ioinit.obj
 0001:00008794       __acrt_uninitialize_lowio  0000000140009794 f   libucrt:ioinit.obj
 0001:000087d4       __acrt_locale_free_monetary 00000001400097d4 f   libucrt:initmon.obj
 0001:000088e0       __acrt_locale_free_numeric 00000001400098e0 f   libucrt:initnum.obj
 0001:00008980       __acrt_locale_free_time    0000000140009980 f   libucrt:inittime.obj
 0001:00008a90       _malloc_base               0000000140009a90 f   libucrt:malloc_base.obj
 0001:00008af0       wcsncmp                    0000000140009af0 f   libucrt:wcsncmp.obj
 0001:00008b24       __acrt_GetStringTypeA      0000000140009b24 f   libucrt:getstringtypea.obj
 0001:00008cb4       __acrt_add_locale_ref      0000000140009cb4 f   libucrt:locale_refcounting.obj
 0001:00008d40       __acrt_free_locale         0000000140009d40 f   libucrt:locale_refcounting.obj
 0001:00008eb8       __acrt_locale_add_lc_time_reference 0000000140009eb8 f   libucrt:locale_refcounting.obj
 0001:00008ee0       __acrt_locale_free_lc_time_if_unreferenced 0000000140009ee0 f   libucrt:locale_refcounting.obj
 0001:00008f18       __acrt_locale_release_lc_time_reference 0000000140009f18 f   libucrt:locale_refcounting.obj
 0001:00008f40       __acrt_release_locale_ref  0000000140009f40 f   libucrt:locale_refcounting.obj
 0001:00008fe8       __acrt_update_thread_locale_data 0000000140009fe8 f   libucrt:locale_refcounting.obj
 0001:00009058       _updatetlocinfoEx_nolock   000000014000a058 f   libucrt:locale_refcounting.obj
 0001:00009274       __acrt_AppPolicyGetProcessTerminationMethodInternal 000000014000a274 f   libucrt:winapi_thunks.obj
 0001:000092d0       __acrt_AreFileApisANSI     000000014000a2d0 f   libucrt:winapi_thunks.obj
 0001:0000931c       __acrt_FlsAlloc            000000014000a31c f   libucrt:winapi_thunks.obj
 0001:00009324       __acrt_FlsFree             000000014000a324 f   libucrt:winapi_thunks.obj
 0001:0000932c       __acrt_FlsGetValue         000000014000a32c f   libucrt:winapi_thunks.obj
 0001:00009334       __acrt_FlsGetValue2        000000014000a334 f   libucrt:winapi_thunks.obj
 0001:00009340       __acrt_FlsSetValue         000000014000a340 f   libucrt:winapi_thunks.obj
 0001:00009348       __acrt_InitializeCriticalSectionEx 000000014000a348 f   libucrt:winapi_thunks.obj
 0001:00009350       __acrt_LCMapStringEx       000000014000a350 f   libucrt:winapi_thunks.obj
 0001:00009444       __acrt_LocaleNameToLCID    000000014000a444 f   libucrt:winapi_thunks.obj
 0001:000094a8       __acrt_initialize_winapi_thunks 000000014000a4a8 f   libucrt:winapi_thunks.obj
 0001:000094d8       __acrt_tls2_supported      000000014000a4d8 f   libucrt:winapi_thunks.obj
 0001:0000951c       __acrt_uninitialize_winapi_thunks 000000014000a51c f   libucrt:winapi_thunks.obj
 0001:00009560       _recalloc_base             000000014000a560 f   libucrt:recalloc.obj
 0001:00009600       _recalloc                  000000014000a600 f   libucrt:recalloc.obj
 0001:00009610       _get_heap_handle           000000014000a610 f   libucrt:heap_handle.obj
 0001:00009620       __acrt_initialize_heap     000000014000a620 f   libucrt:heap_handle.obj
 0001:00009650       __acrt_uninitialize_heap   000000014000a650 f   libucrt:heap_handle.obj
 0001:00009670       __acrt_getheap             000000014000a670 f   libucrt:heap_handle.obj
 0001:00009678       __acrt_execute_initializers 000000014000a678 f   libucrt:shared_initialization.obj
 0001:000096f8       __acrt_execute_uninitializers 000000014000a6f8 f   libucrt:shared_initialization.obj
 0001:00009740       _callnewh                  000000014000a740 f   libucrt:new_handler.obj
 0001:00009780       __acrt_initialize_new_handler 000000014000a780 f   libucrt:new_handler.obj
 0001:00009790       _query_new_handler         000000014000a790 f   libucrt:new_handler.obj
 0001:000097d0       _set_new_handler           000000014000a7d0 f   libucrt:new_handler.obj
 0001:00009830       ?_set_new_handler@@YAP6AH_K@ZH@Z 000000014000a830 f   libucrt:new_handler.obj
 0001:00009884       __acrt_get_sigabrt_handler 000000014000a884 f   libucrt:signal.obj
 0001:000098b4       __acrt_initialize_signal_handlers 000000014000a8b4 f   libucrt:signal.obj
 0001:000098d4       raise                      000000014000a8d4 f   libucrt:signal.obj
 0001:00009d10       __acrt_stdio_flush_nolock  000000014000ad10 f   libucrt:fflush.obj
 0001:00009d9c       _fflush_nolock             000000014000ad9c f   libucrt:fflush.obj
 0001:00009e70       _flushall                  000000014000ae70 f   libucrt:fflush.obj
 0001:00009e78       __acrt_initialize_stdio    000000014000ae78 f   libucrt:_file.obj
 0001:00009f98       __acrt_uninitialize_stdio  000000014000af98 f   libucrt:_file.obj
 0001:00009ff4       _lock_file                 000000014000aff4 f   libucrt:_file.obj
 0001:0000a000       _unlock_file               000000014000b000 f   libucrt:_file.obj
 0001:0000a00c       __acrt_update_locale_info  000000014000b00c f   libucrt:locale_update.obj
 0001:0000a040       __acrt_update_locale_info_explicit 000000014000b040 f   libucrt:locale_update.obj
 0001:0000a078       __acrt_update_multibyte_info 000000014000b078 f   libucrt:locale_update.obj
 0001:0000a0ac       __acrt_update_multibyte_info_explicit 000000014000b0ac f   libucrt:locale_update.obj
 0001:0000a0e4       _mbtowc_internal           000000014000b0e4 f   libucrt:mbtowc.obj
 0001:0000a25c       ?__mblen_utf8@__crt_mbstring@@YAHPEBD@Z 000000014000b25c f   libucrt:mbrtoc32.obj
 0001:0000a294       ?__mbrtoc32_utf8@__crt_mbstring@@YA_KPEA_UPEBD_KPEAU_Mbstatet@@AEAV__crt_cached_ptd_host@@@Z 000000014000b294 f   libucrt:mbrtoc32.obj
 0001:0000a454       ?__mbrtowc_utf8@__crt_mbstring@@YA_KPEA_WPEBD_KPEAU_Mbstatet@@AEAV__crt_cached_ptd_host@@@Z 000000014000b454 f   libucrt:mbrtowc.obj
 0001:0000a49c       ?__mbsrtowcs_utf8@__crt_mbstring@@YA_KPEA_WPEAPEBD_KPEAU_Mbstatet@@AEAV__crt_cached_ptd_host@@@Z 000000014000b49c f   libucrt:mbrtowc.obj
 0001:0000a654       _fileno                    000000014000b654 f   libucrt:fileno.obj
 0001:0000a680       qsort                      000000014000b680 f   libucrt:qsort.obj
 0001:0000aa20       strncpy_s                  000000014000ba20 f   libucrt:strncpy_s.obj
 0001:0000abf0       strpbrk                    000000014000bbf0 f   libucrt:strpbrk.obj
 0001:0000afa8       _mbsdec                    000000014000bfa8 f   libucrt:mbsdec.obj
 0001:0000afb0       _mbsdec_l                  000000014000bfb0 f   libucrt:mbsdec.obj
 0001:0000b378       __acrt_LCMapStringA        000000014000c378 f   libucrt:lcmapstringa.obj
 0001:0000b430       __ascii_wcsnicmp           000000014000c430 f   libucrt:wcsnicmp.obj
 0001:0000b498       __acrt_DownlevelLocaleNameToLCID 000000014000c498 f   libucrt:lcidtoname_downlevel.obj
 0001:0000b540       _msize_base                000000014000c540 f   libucrt:msize.obj
 0001:0000b580       _msize                     000000014000c580 f   libucrt:msize.obj
 0001:0000b590       _realloc_base              000000014000c590 f   libucrt:realloc_base.obj
 0001:0000b698       _commit                    000000014000c698 f   libucrt:commit.obj
 0001:0000bf58       _write_internal            000000014000cf58 f   libucrt:write.obj
 0001:0000c078       _write_nolock              000000014000d078 f   libucrt:write.obj
 0001:0000c3a8       _fcloseall                 000000014000d3a8 f   libucrt:closeall.obj
 0001:0000c45c       __acrt_stdio_free_buffer_nolock 000000014000d45c f   libucrt:_freebuf.obj
 0001:0000c4a0       _isatty                    000000014000d4a0 f   libucrt:isatty.obj
 0001:0000c500       ?reset_and_return@__crt_mbstring@@YA_K_KPEAU_Mbstatet@@@Z 000000014000d500 f   libucrt:common_utf8.obj
 0001:0000c508       ?return_illegal_sequence@__crt_mbstring@@YA_KPEAU_Mbstatet@@AEAV__crt_cached_ptd_host@@@Z 000000014000d508 f   libucrt:common_utf8.obj
 0001:0000c51c       _guard_check_icall         000000014000d51c f i libucrt:checkcfg.obj
 0001:0000c540       __strncnt                  000000014000d540 f   libucrt:strncnt.obj
 0001:0000c608       _lseeki64_nolock_internal  000000014000d608 f   libucrt:lseek.obj
 0001:0000c610       _putwch_nolock             000000014000d610 f   libucrt:putwch.obj
 0001:0000c774       fclose                     000000014000d774 f   libucrt:fclose.obj
 0001:0000c810       __dcrt_lowio_ensure_console_output_initialized 000000014000d810 f   libucrt:initcon.obj
 0001:0000c864       __dcrt_terminate_console_output 000000014000d864 f   libucrt:initcon.obj
 0001:0000c880       __dcrt_write_console       000000014000d880 f   libucrt:initcon.obj
 0001:0000c9b8       _close_internal            000000014000d9b8 f   libucrt:close.obj
 0001:0000ca7c       _close_nolock_internal     000000014000da7c f   libucrt:close.obj
 0001:0000cb4c       ?__acrt_stdio_free_stream@@YAXV__crt_stdio_stream@@@Z 000000014000db4c f   libucrt:stream.obj
 0001:0000cb70       __acrt_initialize_fma3     000000014000db70 f   libucrt:fma3_available.obj
 0001:0000cc30       _FindPESection             000000014000dc30 f   LIBCMT:pesect.obj
 0001:0000cc80       _IsNonwritableInCurrentImage 000000014000dc80 f   LIBCMT:pesect.obj
 0001:0000ccd0       _ValidateImageBase         000000014000dcd0 f   LIBCMT:pesect.obj
 0001:0000cd00       ??_Etype_info@@UEAAPEAXI@Z 000000014000dd00 f i LIBCMT:std_type_info_static.obj
 0001:0000cd00       ??_Gtype_info@@UEAAPEAXI@Z 000000014000dd00 f i LIBCMT:std_type_info_static.obj
 0001:0000cd30       ??3@YAXPEAX_K@Z            000000014000dd30 f   LIBCMT:delete_scalar_size.obj
 0001:0000cd40       __GSHandlerCheck_EH        000000014000dd40 f   LIBCMT:gshandlereh.obj
 0001:0000cdc0       __chkstk                   000000014000ddc0 f   LIBCMT:chkstk.obj
 0001:0000cdc0       _alloca_probe              000000014000ddc0 f   LIBCMT:chkstk.obj
 0001:0000ce10       ??3@YAXPEAX@Z              000000014000de10 f   LIBCMT:delete_scalar.obj
 0001:0000ce20       __C_specific_handler_noexcept 000000014000de20 f   libvcruntime:chandler_noexcept.obj
 0001:0000ce80       _guard_dispatch_icall_nop  000000014000de80 f   LIBCMT:guard_dispatch.obj
 0001:0000cea0       _guard_xfg_dispatch_icall_nop 000000014000dea0 f   LIBCMT:guard_xfg_dispatch.obj
 0001:0000cec0       _guard_dispatch_icall      000000014000dec0 f   libucrt:dispatchcfg.obj
 0001:0000cec0       _guard_dispatch_icall_$fo_default$ 000000014000dec0     libucrt:dispatchcfg.obj
 0001:0000cef0       memcpy_repmovs             000000014000def0 f   libvcruntime:memcpy.obj
 0001:0000cf00       memcpy                     000000014000df00 f   libvcruntime:memcpy.obj
 0001:0000cf00       memcpy_$fo_default$        000000014000df00     libvcruntime:memcpy.obj
 0001:0000cf00       memmove                    000000014000df00 f   libvcruntime:memcpy.obj
 0001:0000d590       strncmp                    000000014000e590 f   libucrt:strncmp.obj
 0001:0000d640       memset_repstos             000000014000e640 f   libvcruntime:memset.obj
 0001:0000d650       memset                     000000014000e650 f   libvcruntime:memset.obj
 0001:0000d650       memset_$fo_default$        000000014000e650     libvcruntime:memset.obj
 0002:00000000       __imp_StretchDIBits        000000014000f000     gdi32:GDI32.dll
 0002:00000008       \177GDI32_NULL_THUNK_DATA  000000014000f008     gdi32:GDI32.dll
 0002:00000010       __imp_CreateFileW          000000014000f010     kernel32:KERNEL32.dll
 0002:00000018       __imp_SetFilePointerEx     000000014000f018     kernel32:KERNEL32.dll
 0002:00000020       __imp_GetConsoleMode       000000014000f020     kernel32:KERNEL32.dll
 0002:00000028       __imp_WriteConsoleW        000000014000f028     kernel32:KERNEL32.dll
 0002:00000030       __imp_FlushFileBuffers     000000014000f030     kernel32:KERNEL32.dll
 0002:00000038       __imp_HeapReAlloc          000000014000f038     kernel32:KERNEL32.dll
 0002:00000040       __imp_HeapSize             000000014000f040     kernel32:KERNEL32.dll
 0002:00000048       __imp_GetConsoleOutputCP   000000014000f048     kernel32:KERNEL32.dll
 0002:00000050       __imp_GetStdHandle         000000014000f050     kernel32:KERNEL32.dll
 0002:00000058       __imp_CompareFileTime      000000014000f058     kernel32:KERNEL32.dll
 0002:00000060       __imp_CreateFileA          000000014000f060     kernel32:KERNEL32.dll
 0002:00000068       __imp_GetFileAttributesExA 000000014000f068     kernel32:KERNEL32.dll
 0002:00000070       __imp_GetFileSizeEx        000000014000f070     kernel32:KERNEL32.dll
 0002:00000078       __imp_ReadFile             000000014000f078     kernel32:KERNEL32.dll
 0002:00000080       __imp_WriteFile            000000014000f080     kernel32:KERNEL32.dll
 0002:00000088       __imp_OutputDebugStringA   000000014000f088     kernel32:KERNEL32.dll
 0002:00000090       __imp_CloseHandle          000000014000f090     kernel32:KERNEL32.dll
 0002:00000098       __imp_Sleep                000000014000f098     kernel32:KERNEL32.dll
 0002:000000a0       __imp_VirtualAlloc         000000014000f0a0     kernel32:KERNEL32.dll
 0002:000000a8       __imp_VirtualFree          000000014000f0a8     kernel32:KERNEL32.dll
 0002:000000b0       __imp_FreeLibrary          000000014000f0b0     kernel32:KERNEL32.dll
 0002:000000b8       __imp_GetModuleFileNameA   000000014000f0b8     kernel32:KERNEL32.dll
 0002:000000c0       __imp_GetProcAddress       000000014000f0c0     kernel32:KERNEL32.dll
 0002:000000c8       __imp_LoadLibraryA         000000014000f0c8     kernel32:KERNEL32.dll
 0002:000000d0       __imp_CopyFileA            000000014000f0d0     kernel32:KERNEL32.dll
 0002:000000d8       __imp_QueryPerformanceCounter 000000014000f0d8     kernel32:KERNEL32.dll
 0002:000000e0       __imp_GetCurrentProcessId  000000014000f0e0     kernel32:KERNEL32.dll
 0002:000000e8       __imp_GetCurrentThreadId   000000014000f0e8     kernel32:KERNEL32.dll
 0002:000000f0       __imp_GetSystemTimeAsFileTime 000000014000f0f0     kernel32:KERNEL32.dll
 0002:000000f8       __imp_InitializeSListHead  000000014000f0f8     kernel32:KERNEL32.dll
 0002:00000100       __imp_SetUnhandledExceptionFilter 000000014000f100     kernel32:KERNEL32.dll
 0002:00000108       __imp_GetStartupInfoW      000000014000f108     kernel32:KERNEL32.dll
 0002:00000110       __imp_GetModuleHandleW     000000014000f110     kernel32:KERNEL32.dll
 0002:00000118       __imp_GetProcessHeap       000000014000f118     kernel32:KERNEL32.dll
 0002:00000120       __imp_RtlUnwindEx          000000014000f120     kernel32:KERNEL32.dll
 0002:00000128       __imp_GetLastError         000000014000f128     kernel32:KERNEL32.dll
 0002:00000130       __imp_SetLastError         000000014000f130     kernel32:KERNEL32.dll
 0002:00000138       __imp_FlsAlloc             000000014000f138     kernel32:KERNEL32.dll
 0002:00000140       __imp_FlsGetValue          000000014000f140     kernel32:KERNEL32.dll
 0002:00000148       __imp_FlsSetValue          000000014000f148     kernel32:KERNEL32.dll
 0002:00000150       __imp_FlsFree              000000014000f150     kernel32:KERNEL32.dll
 0002:00000158       __imp_EnterCriticalSection 000000014000f158     kernel32:KERNEL32.dll
 0002:00000160       __imp_LeaveCriticalSection 000000014000f160     kernel32:KERNEL32.dll
 0002:00000168       __imp_InitializeCriticalSectionEx 000000014000f168     kernel32:KERNEL32.dll
 0002:00000170       __imp_DeleteCriticalSection 000000014000f170     kernel32:KERNEL32.dll
 0002:00000178       __imp_RtlLookupFunctionEntry 000000014000f178     kernel32:KERNEL32.dll
 0002:00000180       __imp_EncodePointer        000000014000f180     kernel32:KERNEL32.dll
 0002:00000188       __imp_RaiseException       000000014000f188     kernel32:KERNEL32.dll
 0002:00000190       __imp_RtlPcToFileHeader    000000014000f190     kernel32:KERNEL32.dll
 0002:00000198       __imp_GetModuleFileNameW   000000014000f198     kernel32:KERNEL32.dll
 0002:000001a0       __imp_GetCurrentProcess    000000014000f1a0     kernel32:KERNEL32.dll
 0002:000001a8       __imp_ExitProcess          000000014000f1a8     kernel32:KERNEL32.dll
 0002:000001b0       __imp_TerminateProcess     000000014000f1b0     kernel32:KERNEL32.dll
 0002:000001b8       __imp_GetModuleHandleExW   000000014000f1b8     kernel32:KERNEL32.dll
 0002:000001c0       __imp_IsProcessorFeaturePresent 000000014000f1c0     kernel32:KERNEL32.dll
 0002:000001c8       __imp_RtlCaptureContext    000000014000f1c8     kernel32:KERNEL32.dll
 0002:000001d0       __imp_RtlVirtualUnwind     000000014000f1d0     kernel32:KERNEL32.dll
 0002:000001d8       __imp_IsDebuggerPresent    000000014000f1d8     kernel32:KERNEL32.dll
 0002:000001e0       __imp_UnhandledExceptionFilter 000000014000f1e0     kernel32:KERNEL32.dll
 0002:000001e8       __imp_HeapAlloc            000000014000f1e8     kernel32:KERNEL32.dll
 0002:000001f0       __imp_HeapFree             000000014000f1f0     kernel32:KERNEL32.dll
 0002:000001f8       __imp_FindClose            000000014000f1f8     kernel32:KERNEL32.dll
 0002:00000200       __imp_FindFirstFileExW     000000014000f200     kernel32:KERNEL32.dll
 0002:00000208       __imp_FindNextFileW        000000014000f208     kernel32:KERNEL32.dll
 0002:00000210       __imp_IsValidCodePage      000000014000f210     kernel32:KERNEL32.dll
 0002:00000218       __imp_GetACP               000000014000f218     kernel32:KERNEL32.dll
 0002:00000220       __imp_GetOEMCP             000000014000f220     kernel32:KERNEL32.dll
 0002:00000228       __imp_GetCPInfo            000000014000f228     kernel32:KERNEL32.dll
 0002:00000230       __imp_GetCommandLineA      000000014000f230     kernel32:KERNEL32.dll
 0002:00000238       __imp_GetCommandLineW      000000014000f238     kernel32:KERNEL32.dll
 0002:00000240       __imp_MultiByteToWideChar  000000014000f240     kernel32:KERNEL32.dll
 0002:00000248       __imp_WideCharToMultiByte  000000014000f248     kernel32:KERNEL32.dll
 0002:00000250       __imp_GetEnvironmentStringsW 000000014000f250     kernel32:KERNEL32.dll
 0002:00000258       __imp_FreeEnvironmentStringsW 000000014000f258     kernel32:KERNEL32.dll
 0002:00000260       __imp_SetStdHandle         000000014000f260     kernel32:KERNEL32.dll
 0002:00000268       __imp_GetFileType          000000014000f268     kernel32:KERNEL32.dll
 0002:00000270       __imp_GetStringTypeW       000000014000f270     kernel32:KERNEL32.dll
 0002:00000278       __imp_VirtualProtect       000000014000f278     kernel32:KERNEL32.dll
 0002:00000280       __imp_LoadLibraryExW       000000014000f280     kernel32:KERNEL32.dll
 0002:00000288       __imp_LCMapStringW         000000014000f288     kernel32:KERNEL32.dll
 0002:00000290       \177KERNEL32_NULL_THUNK_DATA 000000014000f290     kernel32:KERNEL32.dll
 0002:00000298       __imp_DispatchMessageA     000000014000f298     user32:USER32.dll
 0002:000002a0       __imp_GetClientRect        000000014000f2a0     user32:USER32.dll
 0002:000002a8       __imp_EndPaint             000000014000f2a8     user32:USER32.dll
 0002:000002b0       __imp_BeginPaint           000000014000f2b0     user32:USER32.dll
 0002:000002b8       __imp_GetDC                000000014000f2b8     user32:USER32.dll
 0002:000002c0       __imp_CreateWindowExA      000000014000f2c0     user32:USER32.dll
 0002:000002c8       __imp_RegisterClassA       000000014000f2c8     user32:USER32.dll
 0002:000002d0       __imp_DefWindowProcA       000000014000f2d0     user32:USER32.dll
 0002:000002d8       __imp_PeekMessageA         000000014000f2d8     user32:USER32.dll
 0002:000002e0       __imp_TranslateMessage     000000014000f2e0     user32:USER32.dll
 0002:000002e8       \177USER32_NULL_THUNK_DATA 000000014000f2e8     user32:USER32.dll
 0002:000002f0       __guard_check_icall_fptr   000000014000f2f0     LIBCMT:guard_support.obj
 0002:000002f8       __guard_xfg_check_icall_fptr 000000014000f2f8     LIBCMT:guard_support.obj
 0002:00000300       __guard_dispatch_icall_fptr 000000014000f300     LIBCMT:guard_support.obj
 0002:00000308       __guard_xfg_dispatch_icall_fptr 000000014000f308     LIBCMT:guard_support.obj
 0002:00000310       __guard_xfg_table_dispatch_icall_fptr 000000014000f310     LIBCMT:guard_support.obj
 0002:00000318       __castguard_check_failure_os_handled_fptr 000000014000f318     LIBCMT:guard_support.obj
 0002:00000320       __guard_memcpy_fptr        000000014000f320     libvcruntime:softmemtag.obj
 0002:00000328       __xc_a                     000000014000f328     LIBCMT:initializers.obj
 0002:00000338       __xc_z                     000000014000f338     LIBCMT:initializers.obj
 0002:00000340       __xi_a                     000000014000f340     LIBCMT:initializers.obj
 0002:00000358       __acrt_multibyte_initializer 000000014000f358     libucrt:multibyte_initializer.obj
 0002:00000360       __acrt_fmode_initializer   000000014000f360     libucrt:fmode_initializer.obj
 0002:00000368       __acrt_stdio_initializer   000000014000f368     libucrt:stdio_initializer.obj
 0002:00000370       __acrt_tran_fma3_initializer 000000014000f370     libucrt:fma3_initializer.obj
 0002:00000378       __xi_z                     000000014000f378     LIBCMT:initializers.obj
 0002:00000380       __xp_a                     000000014000f380     LIBCMT:initializers.obj
 0002:00000388       __acrt_locale_terminator   000000014000f388     libucrt:locale_initializer.obj
 0002:00000390       __dcrt_console_output_terminator 000000014000f390     libucrt:console_output_initializer.obj
 0002:00000398       __acrt_stdio_terminator    000000014000f398     libucrt:stdio_initializer.obj
 0002:000003a0       __xp_z                     000000014000f3a0     LIBCMT:initializers.obj
 0002:000003a8       __xt_a                     000000014000f3a8     LIBCMT:initializers.obj
 0002:000003b0       __xt_z                     000000014000f3b0     LIBCMT:initializers.obj
 0002:00000430       __xmm@ffffffffffffffffffffffffffffffff 000000014000f430     LIBCMT:utility.obj
 0002:00000440       _pDestructExceptionObject  000000014000f440     libvcruntime:ehhelpers.obj
 0002:00000b60       ??_C@_08EHJDFFNH@__based?$CI@ 000000014000fb60     libvcruntime:undname.obj
 0002:00000b70       ??_C@_07KOLFKCDI@__cdecl@  000000014000fb70     libvcruntime:undname.obj
 0002:00000b78       ??_C@_09IFJBGAPI@__stdcall@ 000000014000fb78     libvcruntime:undname.obj
 0002:00000b88       ??_C@_0L@NPHFGOKO@__thiscall@ 000000014000fb88     libvcruntime:undname.obj
 0002:00000b98       ??_C@_0L@JMKHOMEK@__fastcall@ 000000014000fb98     libvcruntime:undname.obj
 0002:00000ba8       ??_C@_0N@BCKKPABJ@__vectorcall@ 000000014000fba8     libvcruntime:undname.obj
 0002:00000bb8       ??_C@_0BA@NAGGFLJK@__preserve_none@ 000000014000fbb8     libvcruntime:undname.obj
 0002:00000bc8       ??_C@_09HIJEGCPM@__clrcall@ 000000014000fbc8     libvcruntime:undname.obj
 0002:00000bd4       ??_C@_06GHPCKEAG@__eabi@   000000014000fbd4     libvcruntime:undname.obj
 0002:00000be0       ??_C@_09IOPIDJLG@__swift_1@ 000000014000fbe0     libvcruntime:undname.obj
 0002:00000bf0       ??_C@_09KFNFGKHF@__swift_2@ 000000014000fbf0     libvcruntime:undname.obj
 0002:00000c00       ??_C@_09LMMOFLDE@__swift_3@ 000000014000fc00     libvcruntime:undname.obj
 0002:00000c10       ??_C@_07JOMMBBKO@__ptr64@  000000014000fc10     libvcruntime:undname.obj
 0002:00000c18       ??_C@_0L@PILCLIHE@__restrict@ 000000014000fc18     libvcruntime:undname.obj
 0002:00000c28       ??_C@_0M@GFIIJFMG@__unaligned@ 000000014000fc28     libvcruntime:undname.obj
 0002:00000c38       ??_C@_09DHDLOLLB@restrict?$CI@ 000000014000fc38     libvcruntime:undname.obj
 0002:00000c42       ??_C@_00CNPNBAHC@@         000000014000fc42     libvcruntime:undname.obj
 0002:00000c44       ??_C@_04NIHEBCM@?5new@     000000014000fc44     libvcruntime:undname.obj
 0002:00000c50       ??_C@_07FPCDHGMM@?5delete@ 000000014000fc50     libvcruntime:undname.obj
 0002:00000c58       ??_C@_01NEMOKFLO@?$DN@     000000014000fc58     libvcruntime:undname.obj
 0002:00000c5c       ??_C@_02GPIOPFAK@?$DO?$DO@ 000000014000fc5c     libvcruntime:undname.obj
 0002:00000c60       ??_C@_02FODMEDOG@?$DM?$DM@ 000000014000fc60     libvcruntime:undname.obj
 0002:00000c64       ??_C@_01DCLJPIOD@?$CB@     000000014000fc64     libvcruntime:undname.obj
 0002:00000c68       ??_C@_02EGOFBIJA@?$DN?$DN@ 000000014000fc68     libvcruntime:undname.obj
 0002:00000c6c       ??_C@_02FDNJECIE@?$CB?$DN@ 000000014000fc6c     libvcruntime:undname.obj
 0002:00000c70       ??_C@_02GPECMEKF@?$FL?$FN@ 000000014000fc70     libvcruntime:undname.obj
 0002:00000c78       ??_C@_08LHJFAFGD@operator@ 000000014000fc78     libvcruntime:undname.obj
 0002:00000c84       ??_C@_02HBOOOICD@?9?$DO@   000000014000fc84     libvcruntime:undname.obj
 0002:00000c88       ??_C@_01NBENCBCI@?$CK@     000000014000fc88     libvcruntime:undname.obj
 0002:00000c8c       ??_C@_02ECNGHCIF@?$CL?$CL@ 000000014000fc8c     libvcruntime:undname.obj
 0002:00000c90       ??_C@_02BAABKJLB@?9?9@     000000014000fc90     libvcruntime:undname.obj
 0002:00000c94       ??_C@_01JOAMLHOP@?9@       000000014000fc94     libvcruntime:undname.obj
 0002:00000c98       ??_C@_01MIFGBAGJ@?$CL@     000000014000fc98     libvcruntime:undname.obj
 0002:00000c9c       ??_C@_01HNPIGOCE@?$CG@     000000014000fc9c     libvcruntime:undname.obj
 0002:00000ca0       ??_C@_03MNHNFDLC@?9?$DO?$CK@ 000000014000fca0     libvcruntime:undname.obj
 0002:00000ca4       ??_C@_01KMDKNFGN@?1@       000000014000fca4     libvcruntime:undname.obj
 0002:00000ca8       ??_C@_01FGNFDNOH@?$CF@     000000014000fca8     libvcruntime:undname.obj
 0002:00000cac       ??_C@_01MNNFJEPP@?$DM@     000000014000fcac     libvcruntime:undname.obj
 0002:00000cb0       ??_C@_02EHCHHCKH@?$DM?$DN@ 000000014000fcb0     libvcruntime:undname.obj
 0002:00000cb4       ??_C@_01PPODPGHN@?$DO@     000000014000fcb4     libvcruntime:undname.obj
 0002:00000cb8       ??_C@_02EEKDKGMJ@?$DO?$DN@ 000000014000fcb8     libvcruntime:undname.obj
 0002:00000cbc       ??_C@_01IHBHIGKO@?0@       000000014000fcbc     libvcruntime:undname.obj
 0002:00000cc0       ??_C@_02HCKGKOFO@?$CI?$CJ@ 000000014000fcc0     libvcruntime:undname.obj
 0002:00000cc4       ??_C@_01PJKLJHI@?$HO@      000000014000fcc4     libvcruntime:undname.obj
 0002:00000cc8       ??_C@_01JKBOJNNK@?$FO@     000000014000fcc8     libvcruntime:undname.obj
 0002:00000ccc       ??_C@_01DNKMNLPK@?$HM@     000000014000fccc     libvcruntime:undname.obj
 0002:00000cd0       ??_C@_02PPKAJPJL@?$CG?$CG@ 000000014000fcd0     libvcruntime:undname.obj
 0002:00000cd4       ??_C@_02NONPIBCD@?$HM?$HM@ 000000014000fcd4     libvcruntime:undname.obj
 0002:00000cd8       ??_C@_02FPIMKNGF@?$CK?$DN@ 000000014000fcd8     libvcruntime:undname.obj
 0002:00000cdc       ??_C@_02FOEOMHFC@?$CL?$DN@ 000000014000fcdc     libvcruntime:undname.obj
 0002:00000ce0       ??_C@_02FKMDLLOA@?9?$DN@   000000014000fce0     libvcruntime:undname.obj
 0002:00000ce4       ??_C@_02FJEHGPIO@?1?$DN@   000000014000fce4     libvcruntime:undname.obj
 0002:00000ce8       ??_C@_02FENAOKFI@?$CF?$DN@ 000000014000fce8     libvcruntime:undname.obj
 0002:00000cec       ??_C@_03IKFCCPFF@?$DO?$DO?$DN@ 000000014000fcec     libvcruntime:undname.obj
 0002:00000cf0       ??_C@_03CDNPDDLA@?$DM?$DM?$DN@ 000000014000fcf0     libvcruntime:undname.obj
 0002:00000cf4       ??_C@_02FGJGFEAB@?$CG?$DN@ 000000014000fcf4     libvcruntime:undname.obj
 0002:00000cf8       ??_C@_02DHLNPPGH@?$HM?$DN@ 000000014000fcf8     libvcruntime:undname.obj
 0002:00000cfc       ??_C@_02MHEGNOJ@?$FO?$DN@  000000014000fcfc     libvcruntime:undname.obj
 0002:00000d00       ??_C@_09IFPLHPGF@?$GAvftable?8@ 000000014000fd00     libvcruntime:undname.obj
 0002:00000d10       ??_C@_09BLBHBJP@?$GAvbtable?8@ 000000014000fd10     libvcruntime:undname.obj
 0002:00000d20       ??_C@_07FEEIOKP@?$GAvcall?8@ 000000014000fd20     libvcruntime:undname.obj
 0002:00000d28       ??_C@_08LLFFHHDJ@?$GAtypeof?8@ 000000014000fd28     libvcruntime:undname.obj
 0002:00000d38       ??_C@_0BF@KDPPACIK@?$GAlocal?5static?5guard?8@ 000000014000fd38     libvcruntime:undname.obj
 0002:00000d50       ??_C@_08OBABFOLI@?$GAstring?8@ 000000014000fd50     libvcruntime:undname.obj
 0002:00000d60       ??_C@_0BD@JDLKDPAB@?$GAvbase?5destructor?8@ 000000014000fd60     libvcruntime:undname.obj
 0002:00000d78       ??_C@_0BN@DEGPLNFK@?$GAvector?5deleting?5destructor?8@ 000000014000fd78     libvcruntime:undname.obj
 0002:00000d98       ??_C@_0BO@OBMKPJIG@?$GAdefault?5constructor?5closure?8@ 000000014000fd98     libvcruntime:undname.obj
 0002:00000db8       ??_C@_0BN@IMDCHIKM@?$GAscalar?5deleting?5destructor?8@ 000000014000fdb8     libvcruntime:undname.obj
 0002:00000dd8       ??_C@_0BO@PFGOCPJJ@?$GAvector?5constructor?5iterator?8@ 000000014000fdd8     libvcruntime:undname.obj
 0002:00000df8       ??_C@_0BN@LFPFMEDL@?$GAvector?5destructor?5iterator?8@ 000000014000fdf8     libvcruntime:undname.obj
 0002:00000e18       ??_C@_0CE@IKBNEHA@?$GAvector?5vbase?5constructor?5itera@ 000000014000fe18     libvcruntime:undname.obj
 0002:00000e40       ??_C@_0BL@NILFHHPC@?$GAvirtual?5displacement?5map?8@ 000000014000fe40     libvcruntime:undname.obj
 0002:00000e60       ??_C@_0CB@JONCMFFK@?$GAeh?5vector?5constructor?5iterator@ 000000014000fe60     libvcruntime:undname.obj
 0002:00000e88       ??_C@_0CA@GCEOPDGL@?$GAeh?5vector?5destructor?5iterator?8@ 000000014000fe88     libvcruntime:undname.obj
 0002:00000ea8       ??_C@_0CH@OOJPLCPH@?$GAeh?5vector?5vbase?5constructor?5it@ 000000014000fea8     libvcruntime:undname.obj
 0002:00000ed0       ??_C@_0BL@LLKPOHJI@?$GAcopy?5constructor?5closure?8@ 000000014000fed0     libvcruntime:undname.obj
 0002:00000ef0       ??_C@_0BA@KBCDOMBN@?$GAudt?5returning?8@ 000000014000fef0     libvcruntime:undname.obj
 0002:00000f00       ??_C@_03KLGMFNMG@?$GAEH@   000000014000ff00     libvcruntime:undname.obj
 0002:00000f04       ??_C@_05KHLCHHI@?$GARTTI@  000000014000ff04     libvcruntime:undname.obj
 0002:00000f10       ??_C@_0BA@KKLDJDLB@?$GAlocal?5vftable?8@ 000000014000ff10     libvcruntime:undname.obj
 0002:00000f20       ??_C@_0CE@IIHCMGGL@?$GAlocal?5vftable?5constructor?5clos@ 000000014000ff20     libvcruntime:undname.obj
 0002:00000f44       ??_C@_06FHBGPFGH@?5new?$FL?$FN@ 000000014000ff44     libvcruntime:undname.obj
 0002:00000f50       ??_C@_09LBNFPBCA@?5delete?$FL?$FN@ 000000014000ff50     libvcruntime:undname.obj
 0002:00000f60       ??_C@_0P@HJKNJFNN@?$GAomni?5callsig?8@ 000000014000ff60     libvcruntime:undname.obj
 0002:00000f70       ??_C@_0BL@CNOONJFP@?$GAplacement?5delete?5closure?8@ 000000014000ff70     libvcruntime:undname.obj
 0002:00000f90       ??_C@_0BN@CKNJLHMB@?$GAplacement?5delete?$FL?$FN?5closure?8@ 000000014000ff90     libvcruntime:undname.obj
 0002:00000fb0       ??_C@_0CG@CFDHKGGD@?$GAmanaged?5vector?5constructor?5ite@ 000000014000ffb0     libvcruntime:undname.obj
 0002:00000fd8       ??_C@_0CF@IMGKMJNO@?$GAmanaged?5vector?5destructor?5iter@ 000000014000ffd8     libvcruntime:undname.obj
 0002:00001000       ??_C@_0CG@HLDDJMAG@?$GAeh?5vector?5copy?5constructor?5ite@ 0000000140010000     libvcruntime:undname.obj
 0002:00001028       ??_C@_0CM@FCBBDIGB@?$GAeh?5vector?5vbase?5copy?5construct@ 0000000140010028     libvcruntime:undname.obj
 0002:00001058       ??_C@_0BL@CLIPGLGB@?$GAdynamic?5initializer?5for?5?8@ 0000000140010058     libvcruntime:undname.obj
 0002:00001078       ??_C@_0CB@PDBIFEP@?$GAdynamic?5atexit?5destructor?5for?5@ 0000000140010078     libvcruntime:undname.obj
 0002:000010a0       ??_C@_0CD@CGAJBKEJ@?$GAvector?5copy?5constructor?5iterat@ 00000001400100a0     libvcruntime:undname.obj
 0002:000010c8       ??_C@_0CJ@GJELGAMM@?$GAvector?5vbase?5copy?5constructor?5@ 00000001400100c8     libvcruntime:undname.obj
 0002:000010f8       ??_C@_0CL@FGIJHLCE@?$GAmanaged?5vector?5copy?5constructo@ 00000001400100f8     libvcruntime:undname.obj
 0002:00001128       ??_C@_0BM@PMGGMLDN@?$GAlocal?5static?5thread?5guard?8@ 0000000140010128     libvcruntime:undname.obj
 0002:00001148       ??_C@_0N@BDNMDMOL@operator?5?$CC?$CC?5@ 0000000140010148     libvcruntime:undname.obj
 0002:00001158       ??_C@_0BC@GGEBGALA@operator?5co_await@ 0000000140010158     libvcruntime:undname.obj
 0002:00001170       ??_C@_0M@GAAIMMOH@operator?$DM?$DN?$DO@ 0000000140010170     libvcruntime:undname.obj
 0002:00001180       ??_C@_0BC@DAFEJGAK@?5Type?5Descriptor?8@ 0000000140010180     libvcruntime:undname.obj
 0002:00001198       ??_C@_0BM@LDKODKLH@?5Base?5Class?5Descriptor?5at?5?$CI@ 0000000140010198     libvcruntime:undname.obj
 0002:000011b8       ??_C@_0BD@LGICGFMM@?5Base?5Class?5Array?8@ 00000001400101b8     libvcruntime:undname.obj
 0002:000011d0       ??_C@_0BN@MECKDCOJ@?5Class?5Hierarchy?5Descriptor?8@ 00000001400101d0     libvcruntime:undname.obj
 0002:000011f0       ??_C@_0BK@CFCOFLF@?5Complete?5Object?5Locator?8@ 00000001400101f0     libvcruntime:undname.obj
 0002:00001210       ??_C@_0BG@JNJLAMPM@?$GAanonymous?5namespace?8@ 0000000140010210     libvcruntime:undname.obj
 0002:000012d0       ??_7exception@std@@6B@     00000001400102d0     libvcruntime:frame.obj
 0002:000012e0       ??_C@_0BC@EOODALEL@Unknown?5exception@ 00000001400102e0     libvcruntime:frame.obj
 0002:00001300       ??_7bad_exception@std@@6B@ 0000000140010300     libvcruntime:frame.obj
 0002:00001310       ??_C@_0O@DPKOEFFH@bad?5exception@ 0000000140010310     libvcruntime:frame.obj
 0002:00001320       __acrt_exception_action_table 0000000140010320     libucrt:exception_filter.obj
 0002:000013e0       __acrt_signal_action_table_count 00000001400103e0     libucrt:exception_filter.obj
 0002:000013e8       __acrt_signal_action_first_fpe_index 00000001400103e8     libucrt:exception_filter.obj
 0002:000013f0       __acrt_signal_action_fpe_count 00000001400103f0     libucrt:exception_filter.obj
 0002:00001470       ??_C@_1BI@BGOHAHKC@?$AAm?$AAs?$AAc?$AAo?$AAr?$AAe?$AAe?$AA?4?$AAd?$AAl?$AAl@ 0000000140010470     libucrt:exit.obj
 0002:00001488       ??_C@_0P@MIGLKIOC@CorExitProcess@ 0000000140010488     libucrt:exit.obj
 0002:00001748       ??_C@_1M@HPNHIDJI@?$AAj?$AAa?$AA?9?$AAJ?$AAP@ 0000000140010748     libucrt:mbctype.obj
 0002:00001758       ??_C@_1M@BIBDDEMK@?$AAz?$AAh?$AA?9?$AAC?$AAN@ 0000000140010758     libucrt:mbctype.obj
 0002:00001768       ??_C@_1M@JLOOOEGK@?$AAk?$AAo?$AA?9?$AAK?$AAR@ 0000000140010768     libucrt:mbctype.obj
 0002:00001778       ??_C@_1M@CLNBBOPM@?$AAz?$AAh?$AA?9?$AAT?$AAW@ 0000000140010778     libucrt:mbctype.obj
 0002:00001790       __lc_time_c                0000000140010790     libucrt:nlsdata.obj
 0002:00001a50       ??_C@_03KOEHGMDN@Sun@      0000000140010a50     libucrt:nlsdata.obj
 0002:00001a54       ??_C@_03PDAGKDH@Mon@       0000000140010a54     libucrt:nlsdata.obj
 0002:00001a58       ??_C@_03NAGEINEP@Tue@      0000000140010a58     libucrt:nlsdata.obj
 0002:00001a5c       ??_C@_03MHOMLAJA@Wed@      0000000140010a5c     libucrt:nlsdata.obj
 0002:00001a60       ??_C@_03IOFIKPDN@Thu@      0000000140010a60     libucrt:nlsdata.obj
 0002:00001a64       ??_C@_03IDIOELNC@Fri@      0000000140010a64     libucrt:nlsdata.obj
 0002:00001a68       ??_C@_03FEFJNEK@Sat@       0000000140010a68     libucrt:nlsdata.obj
 0002:00001a6c       ??_C@_06OOPIFAJ@Sunday@    0000000140010a6c     libucrt:nlsdata.obj
 0002:00001a74       ??_C@_06JLEDEDGH@Monday@   0000000140010a74     libucrt:nlsdata.obj
 0002:00001a80       ??_C@_07BAAGCFCM@Tuesday@  0000000140010a80     libucrt:nlsdata.obj
 0002:00001a88       ??_C@_09DLIGFAKA@Wednesday@ 0000000140010a88     libucrt:nlsdata.obj
 0002:00001a98       ??_C@_08HACCIKIA@Thursday@ 0000000140010a98     libucrt:nlsdata.obj
 0002:00001aa4       ??_C@_06JECMNKMI@Friday@   0000000140010aa4     libucrt:nlsdata.obj
 0002:00001ab0       ??_C@_08INBOOONO@Saturday@ 0000000140010ab0     libucrt:nlsdata.obj
 0002:00001abc       ??_C@_03JIHJHPIE@Jan@      0000000140010abc     libucrt:nlsdata.obj
 0002:00001ac0       ??_C@_03HJBDCHOM@Feb@      0000000140010ac0     libucrt:nlsdata.obj
 0002:00001ac4       ??_C@_03ODNJBKGA@Mar@      0000000140010ac4     libucrt:nlsdata.obj
 0002:00001ac8       ??_C@_03LEOLGMJP@Apr@      0000000140010ac8     libucrt:nlsdata.obj
 0002:00001acc       ??_C@_03CNMDKL@May@        0000000140010acc     libucrt:nlsdata.obj
 0002:00001ad0       ??_C@_03IDFGHECI@Jun@      0000000140010ad0     libucrt:nlsdata.obj
 0002:00001ad4       ??_C@_03LBGABGKK@Jul@      0000000140010ad4     libucrt:nlsdata.obj
 0002:00001ad8       ??_C@_03IFJFEIGA@Aug@      0000000140010ad8     libucrt:nlsdata.obj
 0002:00001adc       ??_C@_03GGCAPAJC@Sep@      0000000140010adc     libucrt:nlsdata.obj
 0002:00001ae0       ??_C@_03BMAOKBAD@Oct@      0000000140010ae0     libucrt:nlsdata.obj
 0002:00001ae4       ??_C@_03JPJOFNIA@Nov@      0000000140010ae4     libucrt:nlsdata.obj
 0002:00001ae8       ??_C@_03MKABNOCG@Dec@      0000000140010ae8     libucrt:nlsdata.obj
 0002:00001af0       ??_C@_07CGJPFGJA@January@  0000000140010af0     libucrt:nlsdata.obj
 0002:00001af8       ??_C@_08GNJGEPFN@February@ 0000000140010af8     libucrt:nlsdata.obj
 0002:00001b04       ??_C@_05HPCKOFNC@March@    0000000140010b04     libucrt:nlsdata.obj
 0002:00001b0c       ??_C@_05DMJDNLEJ@April@    0000000140010b0c     libucrt:nlsdata.obj
 0002:00001b14       ??_C@_04CNLMGBGM@June@     0000000140010b14     libucrt:nlsdata.obj
 0002:00001b1c       ??_C@_04MIEPOIFP@July@     0000000140010b1c     libucrt:nlsdata.obj
 0002:00001b24       ??_C@_06LBBHFDDG@August@   0000000140010b24     libucrt:nlsdata.obj
 0002:00001b30       ??_C@_09BHHEALKD@September@ 0000000140010b30     libucrt:nlsdata.obj
 0002:00001b40       ??_C@_07JJNFCEND@October@  0000000140010b40     libucrt:nlsdata.obj
 0002:00001b48       ??_C@_08HCHEGEOA@November@ 0000000140010b48     libucrt:nlsdata.obj
 0002:00001b58       ??_C@_08EDHMEBNP@December@ 0000000140010b58     libucrt:nlsdata.obj
 0002:00001b64       ??_C@_02DEDBPAFC@AM@       0000000140010b64     libucrt:nlsdata.obj
 0002:00001b68       ??_C@_02CJNFDJBF@PM@       0000000140010b68     libucrt:nlsdata.obj
 0002:00001b70       ??_C@_08BPBNCDIB@MM?1dd?1yy@ 0000000140010b70     libucrt:nlsdata.obj
 0002:00001b80       ??_C@_0BE@CKGJFCPC@dddd?0?5MMMM?5dd?0?5yyyy@ 0000000140010b80     libucrt:nlsdata.obj
 0002:00001b98       ??_C@_08JCCMCCIL@HH?3mm?3ss@ 0000000140010b98     libucrt:nlsdata.obj
 0002:00001ba8       ??_C@_17MBGCMIPB@?$AAS?$AAu?$AAn@ 0000000140010ba8     libucrt:nlsdata.obj
 0002:00001bb0       ??_C@_17KBOMKBF@?$AAM?$AAo?$AAn@ 0000000140010bb0     libucrt:nlsdata.obj
 0002:00001bb8       ??_C@_17BMKGEGOJ@?$AAT?$AAu?$AAe@ 0000000140010bb8     libucrt:nlsdata.obj
 0002:00001bc0       ??_C@_17CJEDCEPE@?$AAW?$AAe?$AAd@ 0000000140010bc0     libucrt:nlsdata.obj
 0002:00001bc8       ??_C@_17PDPHAADD@?$AAT?$AAh?$AAu@ 0000000140010bc8     libucrt:nlsdata.obj
 0002:00001bd0       ??_C@_17HFOLPPLP@?$AAF?$AAr?$AAi@ 0000000140010bd0     libucrt:nlsdata.obj
 0002:00001bd8       ??_C@_17GGIBDPIH@?$AAS?$AAa?$AAt@ 0000000140010bd8     libucrt:nlsdata.obj
 0002:00001be0       ??_C@_1O@IHNHDHPB@?$AAS?$AAu?$AAn?$AAd?$AAa?$AAy@ 0000000140010be0     libucrt:nlsdata.obj
 0002:00001bf0       ??_C@_1O@MMNBFLIA@?$AAM?$AAo?$AAn?$AAd?$AAa?$AAy@ 0000000140010bf0     libucrt:nlsdata.obj
 0002:00001c00       ??_C@_1BA@ENFBFFEK@?$AAT?$AAu?$AAe?$AAs?$AAd?$AAa?$AAy@ 0000000140010c00     libucrt:nlsdata.obj
 0002:00001c10       ??_C@_1BE@EBOGMDOH@?$AAW?$AAe?$AAd?$AAn?$AAe?$AAs?$AAd?$AAa?$AAy@ 0000000140010c10     libucrt:nlsdata.obj
 0002:00001c28       ??_C@_1BC@HHMNLIHE@?$AAT?$AAh?$AAu?$AAr?$AAs?$AAd?$AAa?$AAy@ 0000000140010c28     libucrt:nlsdata.obj
 0002:00001c40       ??_C@_1O@PDICJHAG@?$AAF?$AAr?$AAi?$AAd?$AAa?$AAy@ 0000000140010c40     libucrt:nlsdata.obj
 0002:00001c50       ??_C@_1BC@ENMNNPAJ@?$AAS?$AAa?$AAt?$AAu?$AAr?$AAd?$AAa?$AAy@ 0000000140010c50     libucrt:nlsdata.obj
 0002:00001c68       ??_C@_17DKNBKCHM@?$AAJ?$AAa?$AAn@ 0000000140010c68     libucrt:nlsdata.obj
 0002:00001c70       ??_C@_17LMDJEKJN@?$AAF?$AAe?$AAb@ 0000000140010c70     libucrt:nlsdata.obj
 0002:00001c78       ??_C@_17CKNLEDEC@?$AAM?$AAa?$AAr@ 0000000140010c78     libucrt:nlsdata.obj
 0002:00001c80       ??_C@_17LFPOIHDD@?$AAA?$AAp?$AAr@ 0000000140010c80     libucrt:nlsdata.obj
 0002:00001c88       ??_C@_17PNNKMEED@?$AAM?$AAa?$AAy@ 0000000140010c88     libucrt:nlsdata.obj
 0002:00001c90       ??_C@_17KCJGOCPB@?$AAJ?$AAu?$AAn@ 0000000140010c90     libucrt:nlsdata.obj
 0002:00001c98       ??_C@_17IJPCKHK@?$AAJ?$AAu?$AAl@ 0000000140010c98     libucrt:nlsdata.obj
 0002:00001ca0       ??_C@_17ICPELBCN@?$AAA?$AAu?$AAg@ 0000000140010ca0     libucrt:nlsdata.obj
 0002:00001ca8       ??_C@_17HCHCOKMG@?$AAS?$AAe?$AAp@ 0000000140010ca8     libucrt:nlsdata.obj
 0002:00001cb0       ??_C@_17FNLKOI@?$AAO?$AAc?$AAt@ 0000000140010cb0     libucrt:nlsdata.obj
 0002:00001cb8       ??_C@_17BBDMLCIG@?$AAN?$AAo?$AAv@ 0000000140010cb8     libucrt:nlsdata.obj
 0002:00001cc0       ??_C@_17EGKACKIF@?$AAD?$AAe?$AAc@ 0000000140010cc0     libucrt:nlsdata.obj
 0002:00001cc8       ??_C@_1BA@EFMEIEBA@?$AAJ?$AAa?$AAn?$AAu?$AAa?$AAr?$AAy@ 0000000140010cc8     libucrt:nlsdata.obj
 0002:00001cd8       ??_C@_1BC@JGDDFFAM@?$AAF?$AAe?$AAb?$AAr?$AAu?$AAa?$AAr?$AAy@ 0000000140010cd8     libucrt:nlsdata.obj
 0002:00001cf0       ??_C@_1M@IKEENEDF@?$AAM?$AAa?$AAr?$AAc?$AAh@ 0000000140010cf0     libucrt:nlsdata.obj
 0002:00001d00       ??_C@_1M@GJNLMHFD@?$AAA?$AAp?$AAr?$AAi?$AAl@ 0000000140010d00     libucrt:nlsdata.obj
 0002:00001d10       ??_C@_19EPFLPGAP@?$AAJ?$AAu?$AAn?$AAe@ 0000000140010d10     libucrt:nlsdata.obj
 0002:00001d20       ??_C@_19BIFMLPCD@?$AAJ?$AAu?$AAl?$AAy@ 0000000140010d20     libucrt:nlsdata.obj
 0002:00001d30       ??_C@_1O@PAHLKOAC@?$AAA?$AAu?$AAg?$AAu?$AAs?$AAt@ 0000000140010d30     libucrt:nlsdata.obj
 0002:00001d40       ??_C@_1BE@DKAAMBJL@?$AAS?$AAe?$AAp?$AAt?$AAe?$AAm?$AAb?$AAe?$AAr@ 0000000140010d40     libucrt:nlsdata.obj
 0002:00001d58       ??_C@_1BA@EPANDLNG@?$AAO?$AAc?$AAt?$AAo?$AAb?$AAe?$AAr@ 0000000140010d58     libucrt:nlsdata.obj
 0002:00001d68       ??_C@_1BC@BGLIFPF@?$AAN?$AAo?$AAv?$AAe?$AAm?$AAb?$AAe?$AAr@ 0000000140010d68     libucrt:nlsdata.obj
 0002:00001d80       ??_C@_1BC@FEMKIFH@?$AAD?$AAe?$AAc?$AAe?$AAm?$AAb?$AAe?$AAr@ 0000000140010d80     libucrt:nlsdata.obj
 0002:00001d94       ??_C@_15ODEHAHHF@?$AAA?$AAM@ 0000000140010d94     libucrt:nlsdata.obj
 0002:00001d9c       ??_C@_15CLMNNGEL@?$AAP?$AAM@ 0000000140010d9c     libucrt:nlsdata.obj
 0002:00001da8       ??_C@_1BC@IEBCMHCM@?$AAM?$AAM?$AA?1?$AAd?$AAd?$AA?1?$AAy?$AAy@ 0000000140010da8     libucrt:nlsdata.obj
 0002:00001dc0       ??_C@_1CI@KNAKOEBC@?$AAd?$AAd?$AAd?$AAd?$AA?0?$AA?5?$AAM?$AAM?$AAM?$AAM?$AA?5?$AAd?$AAd?$AA?0?$AA?5@ 0000000140010dc0     libucrt:nlsdata.obj
 0002:00001de8       ??_C@_1BC@GDGBMEMK@?$AAH?$AAH?$AA?3?$AAm?$AAm?$AA?3?$AAs?$AAs@ 0000000140010de8     libucrt:nlsdata.obj
 0002:00001e00       ??_C@_1M@BMHNFIME@?$AAe?$AAn?$AA?9?$AAU?$AAS@ 0000000140010e00     libucrt:nlsdata.obj
 0002:00001e10       __newctype                 0000000140010e10     libucrt:ctype.obj
 0002:00002110       __newclmap                 0000000140011110     libucrt:ctype.obj
 0002:00002290       __newcumap                 0000000140011290     libucrt:ctype.obj
 0002:00002410       ??_C@_15PJPFLCCM@?$AAu?$AAk@ 0000000140011410     libucrt:get_qualified_locale.obj
 0002:000024e0       ??_C@_1EA@JGEFHKEI@?$AAa?$AAp?$AAi?$AA?9?$AAm?$AAs?$AA?9?$AAw?$AAi?$AAn?$AA?9?$AAc?$AAo?$AAr?$AAe@ 00000001400114e0     libucrt:winapi_thunks.obj
 0002:00002520       ??_C@_1DM@LFJCLCKP@?$AAa?$AAp?$AAi?$AA?9?$AAm?$AAs?$AA?9?$AAw?$AAi?$AAn?$AA?9?$AAc?$AAo?$AAr?$AAe@ 0000000140011520     libucrt:winapi_thunks.obj
 0002:00002560       ??_C@_1DI@KMEPCBPN@?$AAa?$AAp?$AAi?$AA?9?$AAm?$AAs?$AA?9?$AAw?$AAi?$AAn?$AA?9?$AAc?$AAo?$AAr?$AAe@ 0000000140011560     libucrt:winapi_thunks.obj
 0002:00002598       ??_C@_1DI@IJCEHOCB@?$AAa?$AAp?$AAi?$AA?9?$AAm?$AAs?$AA?9?$AAw?$AAi?$AAn?$AA?9?$AAc?$AAo?$AAr?$AAe@ 0000000140011598     libucrt:winapi_thunks.obj
 0002:000025d0       ??_C@_1DI@FFFOPEOO@?$AAa?$AAp?$AAi?$AA?9?$AAm?$AAs?$AA?9?$AAw?$AAi?$AAn?$AA?9?$AAc?$AAo?$AAr?$AAe@ 00000001400115d0     libucrt:winapi_thunks.obj
 0002:00002610       ??_C@_1EI@MPIAOHOC@?$AAa?$AAp?$AAi?$AA?9?$AAm?$AAs?$AA?9?$AAw?$AAi?$AAn?$AA?9?$AAc?$AAo?$AAr?$AAe@ 0000000140011610     libucrt:winapi_thunks.obj
 0002:00002660       ??_C@_1FK@FPHCKFIE@?$AAa?$AAp?$AAi?$AA?9?$AAm?$AAs?$AA?9?$AAw?$AAi?$AAn?$AA?9?$AAc?$AAo?$AAr?$AAe@ 0000000140011660     libucrt:winapi_thunks.obj
 0002:000026c0       ??_C@_1EM@DILCGIIO@?$AAa?$AAp?$AAi?$AA?9?$AAm?$AAs?$AA?9?$AAw?$AAi?$AAn?$AA?9?$AAc?$AAo?$AAr?$AAe@ 00000001400116c0     libucrt:winapi_thunks.obj
 0002:00002710       ??_C@_1DM@LNCGDDPN@?$AAa?$AAp?$AAi?$AA?9?$AAm?$AAs?$AA?9?$AAw?$AAi?$AAn?$AA?9?$AAc?$AAo?$AAr?$AAe@ 0000000140011710     libucrt:winapi_thunks.obj
 0002:00002750       ??_C@_1DK@LPPGFMPP@?$AAa?$AAp?$AAi?$AA?9?$AAm?$AAs?$AA?9?$AAw?$AAi?$AAn?$AA?9?$AAc?$AAo?$AAr?$AAe@ 0000000140011750     libucrt:winapi_thunks.obj
 0002:00002790       ??_C@_1DO@FPAPJEMD@?$AAa?$AAp?$AAi?$AA?9?$AAm?$AAs?$AA?9?$AAw?$AAi?$AAn?$AA?9?$AAc?$AAo?$AAr?$AAe@ 0000000140011790     libucrt:winapi_thunks.obj
 0002:000027d0       ??_C@_1DK@NDHNAHIO@?$AAa?$AAp?$AAi?$AA?9?$AAm?$AAs?$AA?9?$AAw?$AAi?$AAn?$AA?9?$AAc?$AAo?$AAr?$AAe@ 00000001400117d0     libucrt:winapi_thunks.obj
 0002:00002810       ??_C@_1DM@KGHDGBCM@?$AAa?$AAp?$AAi?$AA?9?$AAm?$AAs?$AA?9?$AAw?$AAi?$AAn?$AA?9?$AAc?$AAo?$AAr?$AAe@ 0000000140011810     libucrt:winapi_thunks.obj
 0002:00002850       ??_C@_1EO@IJIOEFOH@?$AAa?$AAp?$AAi?$AA?9?$AAm?$AAs?$AA?9?$AAw?$AAi?$AAn?$AA?9?$AAr?$AAt?$AAc?$AAo@ 0000000140011850     libucrt:winapi_thunks.obj
 0002:000028a0       ??_C@_1FG@HHGEKANL@?$AAa?$AAp?$AAi?$AA?9?$AAm?$AAs?$AA?9?$AAw?$AAi?$AAn?$AA?9?$AAs?$AAe?$AAc?$AAu@ 00000001400118a0     libucrt:winapi_thunks.obj
 0002:00002900       ??_C@_1EG@DBIOJECG@?$AAe?$AAx?$AAt?$AA?9?$AAm?$AAs?$AA?9?$AAw?$AAi?$AAn?$AA?9?$AAn?$AAt?$AAu?$AAs@ 0000000140011900     libucrt:winapi_thunks.obj
 0002:00002950       ??_C@_1EO@FIHMJCLF@?$AAe?$AAx?$AAt?$AA?9?$AAm?$AAs?$AA?9?$AAw?$AAi?$AAn?$AA?9?$AAn?$AAt?$AAu?$AAs@ 0000000140011950     libucrt:winapi_thunks.obj
 0002:000029a0       ??_C@_1BC@DNHGCMLG@?$AAa?$AAd?$AAv?$AAa?$AAp?$AAi?$AA3?$AA2@ 00000001400119a0     libucrt:winapi_thunks.obj
 0002:000029b8       ??_C@_1BC@GDMECMAK@?$AAk?$AAe?$AAr?$AAn?$AAe?$AAl?$AA3?$AA2@ 00000001400119b8     libucrt:winapi_thunks.obj
 0002:000029d0       ??_C@_1BG@CJPGBMEF@?$AAk?$AAe?$AAr?$AAn?$AAe?$AAl?$AAb?$AAa?$AAs?$AAe@ 00000001400119d0     libucrt:winapi_thunks.obj
 0002:000029e8       ??_C@_1M@OAIMIKLP@?$AAn?$AAt?$AAd?$AAl?$AAl@ 00000001400119e8     libucrt:winapi_thunks.obj
 0002:00002a00       ??_C@_1EG@DPGNFKGC@?$AAa?$AAp?$AAi?$AA?9?$AAm?$AAs?$AA?9?$AAw?$AAi?$AAn?$AA?9?$AAa?$AAp?$AAp?$AAm@ 0000000140011a00     libucrt:winapi_thunks.obj
 0002:00002a48       ??_C@_1O@BCCLBEOE@?$AAu?$AAs?$AAe?$AAr?$AA3?$AA2@ 0000000140011a48     libucrt:winapi_thunks.obj
 0002:00002a58       ??_C@_1BA@PFFKHIOG@?$AAa?$AAp?$AAi?$AA?9?$AAm?$AAs?$AA?9@ 0000000140011a58     libucrt:winapi_thunks.obj
 0002:00002a68       ??_C@_1BA@IAIFMGEF@?$AAe?$AAx?$AAt?$AA?9?$AAm?$AAs?$AA?9@ 0000000140011a68     libucrt:winapi_thunks.obj
 0002:00002a80       ??_C@_0BA@FHFNEAED@AreFileApisANSI@ 0000000140011a80     libucrt:winapi_thunks.obj
 0002:00002a98       ??_C@_0N@MFBBDCAC@FlsGetValue2@ 0000000140011a98     libucrt:winapi_thunks.obj
 0002:00002ab0       ??_C@_0O@KKBNKAPF@LCMapStringEx@ 0000000140011ab0     libucrt:winapi_thunks.obj
 0002:00002ac8       ??_C@_0BB@HBDEELFH@LocaleNameToLCID@ 0000000140011ac8     libucrt:winapi_thunks.obj
 0002:00002ae0       ??_C@_0CF@OJOFEIGO@AppPolicyGetProcessTerminationM@ 0000000140011ae0     libucrt:winapi_thunks.obj
 0002:00003950       ??_C@_15EMKDOKLE@?$AAa?$AAr@ 0000000140012950     libucrt:lcidtoname_downlevel.obj
 0002:00003958       ??_C@_15KNPADPLH@?$AAb?$AAg@ 0000000140012958     libucrt:lcidtoname_downlevel.obj
 0002:00003960       ??_C@_15EDMHLDMO@?$AAc?$AAa@ 0000000140012960     libucrt:lcidtoname_downlevel.obj
 0002:00003968       ??_C@_1O@BPEAJADD@?$AAz?$AAh?$AA?9?$AAC?$AAH?$AAS@ 0000000140012968     libucrt:lcidtoname_downlevel.obj
 0002:00003978       ??_C@_15LJNHCMNK@?$AAc?$AAs@ 0000000140012978     libucrt:lcidtoname_downlevel.obj
 0002:00003980       ??_C@_15FOMCIDHG@?$AAd?$AAa@ 0000000140012980     libucrt:lcidtoname_downlevel.obj
 0002:00003988       ??_C@_15NBKABECB@?$AAd?$AAe@ 0000000140012988     libucrt:lcidtoname_downlevel.obj
 0002:00003990       ??_C@_15GHPEIIAO@?$AAe?$AAl@ 0000000140012990     libucrt:lcidtoname_downlevel.obj
 0002:00003998       ??_C@_15MNPNEAIF@?$AAe?$AAn@ 0000000140012998     libucrt:lcidtoname_downlevel.obj
 0002:000039a0       ??_C@_15GPIOMPMH@?$AAe?$AAs@ 00000001400129a0     libucrt:lcidtoname_downlevel.obj
 0002:000039a8       ??_C@_15NGLOAKJC@?$AAf?$AAi@ 00000001400129a8     libucrt:lcidtoname_downlevel.obj
 0002:000039b0       ??_C@_15FBKGNKAM@?$AAf?$AAr@ 00000001400129b0     libucrt:lcidtoname_downlevel.obj
 0002:000039b8       ??_C@_15KGGCNEFK@?$AAh?$AAe@ 00000001400129b8     libucrt:lcidtoname_downlevel.obj
 0002:000039c0       ??_C@_15PGHLIDMF@?$AAh?$AAu@ 00000001400129c0     libucrt:lcidtoname_downlevel.obj
 0002:000039c8       ??_C@_15BIEMAPLM@?$AAi?$AAs@ 00000001400129c8     libucrt:lcidtoname_downlevel.obj
 0002:000039d0       ??_C@_15IFJLDHAF@?$AAi?$AAt@ 00000001400129d0     libucrt:lcidtoname_downlevel.obj
 0002:000039d8       ??_C@_15GEMIOCAG@?$AAj?$AAa@ 00000001400129d8     libucrt:lcidtoname_downlevel.obj
 0002:000039e0       ??_C@_15EPELEGJA@?$AAk?$AAo@ 00000001400129e0     libucrt:lcidtoname_downlevel.obj
 0002:000039e8       ??_C@_15NDDHIMN@?$AAn?$AAl@ 00000001400129e8     libucrt:lcidtoname_downlevel.obj
 0002:000039f0       ??_C@_15BPIGNHCD@?$AAn?$AAo@ 00000001400129f0     libucrt:lcidtoname_downlevel.obj
 0002:000039f8       ??_C@_15DEOPBLCG@?$AAp?$AAl@ 00000001400129f8     libucrt:lcidtoname_downlevel.obj
 0002:00003a00       ??_C@_15KBECGEFG@?$AAp?$AAt@ 0000000140012a00     libucrt:lcidtoname_downlevel.obj
 0002:00003a08       ??_C@_15GLJCBFMD@?$AAr?$AAo@ 0000000140012a08     libucrt:lcidtoname_downlevel.obj
 0002:00003a10       ??_C@_15FEDGKCDI@?$AAr?$AAu@ 0000000140012a10     libucrt:lcidtoname_downlevel.obj
 0002:00003a18       ??_C@_15GLKMLLHM@?$AAh?$AAr@ 0000000140012a18     libucrt:lcidtoname_downlevel.obj
 0002:00003a20       ??_C@_15CPKMFBDB@?$AAs?$AAk@ 0000000140012a20     libucrt:lcidtoname_downlevel.obj
 0002:00003a28       ??_C@_15BAAIOGMK@?$AAs?$AAq@ 0000000140012a28     libucrt:lcidtoname_downlevel.obj
 0002:00003a30       ??_C@_15INNPNOHD@?$AAs?$AAv@ 0000000140012a30     libucrt:lcidtoname_downlevel.obj
 0002:00003a38       ??_C@_15CABMMOGH@?$AAt?$AAh@ 0000000140012a38     libucrt:lcidtoname_downlevel.obj
 0002:00003a40       ??_C@_15BPLIHJJM@?$AAt?$AAr@ 0000000140012a40     libucrt:lcidtoname_downlevel.obj
 0002:00003a48       ??_C@_15NEOEKKDJ@?$AAu?$AAr@ 0000000140012a48     libucrt:lcidtoname_downlevel.obj
 0002:00003a50       ??_C@_15NFICGAJK@?$AAi?$AAd@ 0000000140012a50     libucrt:lcidtoname_downlevel.obj
 0002:00003a58       ??_C@_15HPJPHDM@?$AAb?$AAe@ 0000000140012a58     libucrt:lcidtoname_downlevel.obj
 0002:00003a60       ??_C@_15LCHLGJII@?$AAs?$AAl@ 0000000140012a60     libucrt:lcidtoname_downlevel.obj
 0002:00003a68       ??_C@_15PCFJPHHO@?$AAe?$AAt@ 0000000140012a68     libucrt:lcidtoname_downlevel.obj
 0002:00003a70       ??_C@_15HPFPGODN@?$AAl?$AAv@ 0000000140012a70     libucrt:lcidtoname_downlevel.obj
 0002:00003a78       ??_C@_15NFFGKGLG@?$AAl?$AAt@ 0000000140012a78     libucrt:lcidtoname_downlevel.obj
 0002:00003a80       ??_C@_15BDAKCCHN@?$AAf?$AAa@ 0000000140012a80     libucrt:lcidtoname_downlevel.obj
 0002:00003a88       ??_C@_15NFGIAIAJ@?$AAv?$AAi@ 0000000140012a88     libucrt:lcidtoname_downlevel.obj
 0002:00003a90       ??_C@_15LMKNDMHN@?$AAh?$AAy@ 0000000140012a90     libucrt:lcidtoname_downlevel.obj
 0002:00003a98       ??_C@_15IJBHMCFL@?$AAa?$AAz@ 0000000140012a98     libucrt:lcidtoname_downlevel.obj
 0002:00003aa0       ??_C@_15EKOFJABL@?$AAe?$AAu@ 0000000140012aa0     libucrt:lcidtoname_downlevel.obj
 0002:00003aa8       ??_C@_15BGHADCNK@?$AAm?$AAk@ 0000000140012aa8     libucrt:lcidtoname_downlevel.obj
 0002:00003ab0       ??_C@_15JDNICKHM@?$AAa?$AAf@ 0000000140012ab0     libucrt:lcidtoname_downlevel.obj
 0002:00003ab8       ??_C@_15KPJEDBKD@?$AAk?$AAa@ 0000000140012ab8     libucrt:lcidtoname_downlevel.obj
 0002:00003ac0       ??_C@_15PDNFFFEO@?$AAf?$AAo@ 0000000140012ac0     libucrt:lcidtoname_downlevel.obj
 0002:00003ac8       ??_C@_15OMLEGLOC@?$AAh?$AAi@ 0000000140012ac8     libucrt:lcidtoname_downlevel.obj
 0002:00003ad0       ??_C@_15IDNNENKK@?$AAm?$AAs@ 0000000140012ad0     libucrt:lcidtoname_downlevel.obj
 0002:00003ad8       ??_C@_15MACJNBMH@?$AAk?$AAk@ 0000000140012ad8     libucrt:lcidtoname_downlevel.obj
 0002:00003ae0       ??_C@_15DKDJEOND@?$AAk?$AAy@ 0000000140012ae0     libucrt:lcidtoname_downlevel.obj
 0002:00003ae8       ??_C@_15DFGDLJBG@?$AAs?$AAw@ 0000000140012ae8     libucrt:lcidtoname_downlevel.obj
 0002:00003af0       ??_C@_15BBFAICNG@?$AAu?$AAz@ 0000000140012af0     libucrt:lcidtoname_downlevel.obj
[...]
 0002:00008a00       $unwind$terminate          0000000140017a00     libucrt:terminate.obj
 0002:00008a20       $unwind$?get_raw_ptd@__crt_cached_ptd_host@@QEAAPEAU__acrt_ptd@@XZ 0000000140017a20     libucrt:output.obj
 0002:00008a28       $chain$0$?get_raw_ptd@__crt_cached_ptd_host@@QEAAPEAU__acrt_ptd@@XZ 0000000140017a28     libucrt:output.obj
 0002:00008a3c       $chain$1$?get_raw_ptd@__crt_cached_ptd_host@@QEAAPEAU__acrt_ptd@@XZ 0000000140017a3c     libucrt:output.obj
 0002:00008a50       $xdatasym                  0000000140017a50     libucrt:strncmp.obj
 0002:00008a54       $unwind$__acrt_getptd_noexit 0000000140017a54     libucrt:per_thread_data.obj
 0002:00008a54       $unwind$__acrt_getptd_noexit_explicit 0000000140017a54     libucrt:per_thread_data.obj
 0002:00008a68       $unwind$?destroy_fls@@YAXPEAX@Z 0000000140017a68     libucrt:per_thread_data.obj
 0002:00008a68       $unwind$__acrt_locale_free_numeric 0000000140017a68     libucrt:initnum.obj
 0002:00008a68       $unwind$__acrt_locale_free_lc_time_if_unreferenced 0000000140017a68     libucrt:locale_refcounting.obj
 0002:00008a70       $unwind$?construct_ptd_array@@YAXQEAU__acrt_ptd@@@Z 0000000140017a70     libucrt:per_thread_data.obj
 0002:00008a78       $unwind$?destroy_ptd_array@@YAXQEAU__acrt_ptd@@@Z 0000000140017a78     libucrt:per_thread_data.obj
 0002:00008a80       $unwind$??$?RV<lambda_0ae27a3a962d80f24befdcbee591983d>@@AEAV<lambda_8d0ee55de4b1038c4002e0adecdf1839>@@V<lambda_dc504788e8f1664fe9b84e20bfb512f2>@@@?$__crt_seh_guarded_call@X@@QEAAX$$QEAV<lambda_0ae27a3a962d80f24befdcbee591983d>@@AEAV<lambda_8d0ee55de4b1038c4002e0adecdf1839>@@$$QEAV<lambda_dc504788e8f1664fe9b84e20bfb512f2>@@@Z 0000000140017a80     libucrt:per_thread_data.obj
 0002:00008aa4       $unwind$??$?RV<lambda_aa87e3671a710a21b5dc78c0bdf72e11>@@AEAV<lambda_92619d2358a28f41a33ba319515a20b9>@@V<lambda_6992ecaafeb10aed2b74cb1fae11a551>@@@?$__crt_seh_guarded_call@X@@QEAAX$$QEAV<lambda_aa87e3671a710a21b5dc78c0bdf72e11>@@AEAV<lambda_92619d2358a28f41a33ba319515a20b9>@@$$QEAV<lambda_6992ecaafeb10aed2b74cb1fae11a551>@@@Z 0000000140017aa4     libucrt:per_thread_data.obj
 0002:00008ac8       $unwind$??$?RV<lambda_f2e299630e499de9f9a165e60fcd3db5>@@AEAV<lambda_2ae9d31cdba2644fcbeaf08da7c24588>@@V<lambda_40d01ff24d0e7b3814fdbdcee8eab3c7>@@@?$__crt_seh_guarded_call@X@@QEAAX$$QEAV<lambda_f2e299630e499de9f9a165e60fcd3db5>@@AEAV<lambda_2ae9d31cdba2644fcbeaf08da7c24588>@@$$QEAV<lambda_40d01ff24d0e7b3814fdbdcee8eab3c7>@@@Z 0000000140017ac8     libucrt:per_thread_data.obj
 0002:00008aec       $unwind$??$?RV<lambda_2d41944a1d46af3157314b8a01080d33>@@AEAV<lambda_8f455de75cd7d7f24b4096f044d8b9e6>@@V<lambda_aa500f224e6afead328df44964fe2772>@@@?$__crt_seh_guarded_call@X@@QEAAX$$QEAV<lambda_2d41944a1d46af3157314b8a01080d33>@@AEAV<lambda_8f455de75cd7d7f24b4096f044d8b9e6>@@$$QEAV<lambda_aa500f224e6afead328df44964fe2772>@@@Z 0000000140017aec     libucrt:per_thread_data.obj
 0002:00008b10       $unwind$_invalid_parameter_noinfo 0000000140017b10     libucrt:invalid_parameter.obj
 0002:00008b18       $unwind$__acrt_call_reportfault 0000000140017b18     libucrt:invalid_parameter.obj
 0002:00008b38       $unwind$??$common_lseek_nolock@_J@@YA_JH_JHAEAV__crt_cached_ptd_host@@@Z 0000000140017b38     libucrt:lseek.obj
 0002:00008b38       $unwind$_invalid_parameter_internal 0000000140017b38     libucrt:invalid_parameter.obj
 0002:00008b4c       $unwind$?get_raw_ptd_noexit@__crt_cached_ptd_host@@QEAAPEAU__acrt_ptd@@XZ 0000000140017b4c     libucrt:invalid_parameter.obj
 0002:00008b5c       $unwind$_invalid_parameter 0000000140017b5c     libucrt:invalid_parameter.obj
 0002:00008b68       $unwind$__acrt_errno_from_os_error 0000000140017b68     libucrt:errno.obj
 0002:00008b78       $unwind$_calloc_base       0000000140017b78     libucrt:calloc_base.obj
 0002:00008b80       $unwind$_free_base         0000000140017b80     libucrt:free_base.obj
 0002:00008b88       $unwind$??$common_expand_argv_wildcards@D@@YAHQEAPEADQEAPEAPEAD@Z 0000000140017b88     libucrt:argv_wildcards.obj
 0002:00008ba0       $unwind$__dcrt_get_narrow_environment_from_os 0000000140017ba0     libucrt:get_environment_from_os.obj
 0002:00008ba0       $unwind$??$__acrt_convert_wcs_mbs_cp@_WDV<lambda_d8593a27d1aa8c02be35c86a17d324c4>@@U__crt_win32_buffer_internal_dynamic_resizing@@@@YAHQEB_WAEAV?$__crt_win32_buffer@DU__crt_win32_buffer_internal_dynamic_resizing@@@@AEBV<lambda_d8593a27d1aa8c02be35c86a17d324c4>@@I@Z 0000000140017ba0     libucrt:argv_wildcards.obj
 0002:00008bb8       $unwind$??$copy_and_add_argument_to_buffer@D@@YAHQEBD0_KAEAV?$argument_list@D@?A0x5f5c8891@@@Z 0000000140017bb8     libucrt:argv_wildcards.obj
 0002:00008bd4       $unwind$??$expand_argument_wildcards@D@@YAHQEAD0AEAV?$argument_list@D@?A0x5f5c8891@@@Z 0000000140017bd4     libucrt:argv_wildcards.obj
 0002:00008bf4       $unwind$__acrt_GetModuleFileNameA 0000000140017bf4     libucrt:getmodulefilenamea.obj
 0002:00008c10       $unwind$__dcrt_write_console 0000000140017c10     libucrt:initcon.obj
 0002:00008c10       $unwind$??$__acrt_convert_wcs_mbs_cp@_WDV<lambda_f788ae46380686e8b737efdd8c720d07>@@U__crt_win32_buffer_no_resizing@@@@YAHQEB_WAEAV?$__crt_win32_buffer@DU__crt_win32_buffer_no_resizing@@@@AEBV<lambda_f788ae46380686e8b737efdd8c720d07>@@I@Z 0000000140017c10     libucrt:getmodulefilenamea.obj
 0002:00008c24       $unwind$_setmbcp_nolock    0000000140017c24     libucrt:mbctype.obj
 0002:00008c44       $unwind$__dcrt_lowio_ensure_console_output_initialized 0000000140017c44     libucrt:initcon.obj
 0002:00008c44       $unwind$?__mbrtowc_utf8@__crt_mbstring@@YA_KPEA_WPEBD_KPEAU_Mbstatet@@AEAV__crt_cached_ptd_host@@@Z 0000000140017c44     libucrt:mbrtowc.obj
 0002:00008c44       $unwind$?getSystemCP@@YAHH@Z 0000000140017c44     libucrt:mbctype.obj
 0002:00008c4c       $unwind$?update_thread_multibyte_data_internal@@YAPEAU__crt_multibyte_data@@QEAU__acrt_ptd@@QEAPEAU1@@Z 0000000140017c4c     libucrt:mbctype.obj
 0002:00008c74       $unwind$?setmbcp_internal@@YAHH_NQEAU__acrt_ptd@@QEAPEAU__crt_multibyte_data@@@Z 0000000140017c74     libucrt:mbctype.obj
 0002:00008c8c       $unwind$?setSBUpLow@@YAXPEAU__crt_multibyte_data@@@Z 0000000140017c8c     libucrt:mbctype.obj
 0002:00008ca8       $unwind$??$?RV<lambda_efdfa57d1f175319df784efa44bb7b81>@@AEAV<lambda_5f0a4c1567f8adc6734073e5d1e1b35c>@@V<lambda_2e8a7d3640ea6ccb4c2413664c2db6fd>@@@?$__crt_seh_guarded_call@X@@QEAAX$$QEAV<lambda_efdfa57d1f175319df784efa44bb7b81>@@AEAV<lambda_5f0a4c1567f8adc6734073e5d1e1b35c>@@$$QEAV<lambda_2e8a7d3640ea6ccb4c2413664c2db6fd>@@@Z 0000000140017ca8     libucrt:mbctype.obj
 0002:00008ccc       $unwind$?x_ismbbtype_l@@YAHPEAU__crt_locale_pointers@@IHH@Z 0000000140017ccc     libucrt:ismbbyte.obj
 0002:00008cdc       $unwind$__acrt_WideCharToMultiByte 0000000140017cdc     libucrt:widechartomultibyte.obj
 0002:00008ce8       $unwind$_free_osfhnd       0000000140017ce8     libucrt:osfinfo.obj
 0002:00008cfc       $unwind$__acrt_lowio_destroy_handle_array 0000000140017cfc     libucrt:osfinfo.obj
 0002:00008d0c       $unwind$__acrt_lowio_ensure_fh_exists 0000000140017d0c     libucrt:osfinfo.obj
 0002:00008d38       $unwind$__acrt_initialize_lowio 0000000140017d38     libucrt:ioinit.obj
 0002:00008d58       $unwind$?initialize_inherited_file_handles_nolock@@YAXXZ 0000000140017d58     libucrt:ioinit.obj
 0002:00008d74       $unwind$?initialize_stdio_handles_nolock@@YAXXZ 0000000140017d74     libucrt:ioinit.obj
 0002:00008d74       $unwind$__acrt_initialize_stdio 0000000140017d74     libucrt:_file.obj
 0002:00008d8c       $unwind$__acrt_locale_free_monetary 0000000140017d8c     libucrt:initmon.obj
 0002:00008d94       $unwind$__acrt_locale_free_time 0000000140017d94     libucrt:inittime.obj
 0002:00008da4       $unwind$_malloc_base       0000000140017da4     libucrt:malloc_base.obj
 0002:00008dac       $unwind$__acrt_GetStringTypeA 0000000140017dac     libucrt:getstringtypea.obj
 0002:00008dd4       $unwind$__acrt_update_thread_locale_data 0000000140017dd4     libucrt:locale_refcounting.obj
 0002:00008df8       $unwind$__acrt_LCMapStringEx 0000000140017df8     libucrt:winapi_thunks.obj
 0002:00008e0c       $unwind$?try_get_function_slow@@YAPEAXW4function_id@?A0x391cf84c@@QEBDQEBW4module_id@2@2@Z 0000000140017e0c     libucrt:winapi_thunks.obj
 0002:00008e28       $unwind$_recalloc_base     0000000140017e28     libucrt:recalloc.obj
 0002:00008e3c       $unwind$__acrt_initialize_heap 0000000140017e3c     libucrt:heap_handle.obj
 0002:00008e44       $unwind$_callnewh          0000000140017e44     libucrt:new_handler.obj
 0002:00008e50       $unwind$_query_new_handler 0000000140017e50     libucrt:new_handler.obj
 0002:00008e70       $unwind$_query_new_handler$fin$0 0000000140017e70     libucrt:new_handler.obj
 0002:00008e78       $unwind$_set_new_handler   0000000140017e78     libucrt:new_handler.obj
 0002:00008e9c       $unwind$_set_new_handler$fin$0 0000000140017e9c     libucrt:new_handler.obj
 0002:00008ea4       $unwind$raise              0000000140017ea4     libucrt:signal.obj
 0002:00008ee4       $unwind$??$?RV<lambda_450d765d439847d4c735a33c368b5fc0>@@AEAV<lambda_44731a7d0e6d81c3e6aa82d741081786>@@V<lambda_601a2a7da3b7a96e9554ac7215c4b07c>@@@?$__crt_seh_guarded_call@P6AXH@Z@@QEAAP6AXH@Z$$QEAV<lambda_450d765d439847d4c735a33c368b5fc0>@@AEAV<lambda_44731a7d0e6d81c3e6aa82d741081786>@@$$QEAV<lambda_601a2a7da3b7a96e9554ac7215c4b07c>@@@Z 0000000140017ee4     libucrt:signal.obj
 0002:00008f08       $unwind$fclose             0000000140017f08     libucrt:fclose.obj
 0002:00008f08       $unwind$_fflush_nolock     0000000140017f08     libucrt:fflush.obj
 0002:00008f18       $unwind$?common_flush_all@@YAH_N@Z 0000000140017f18     libucrt:fflush.obj
 0002:00008f20       $unwind$??$?RV<lambda_842d9ff0dc9ef11c61343bbaebe7f885>@@AEAV<lambda_c5860995281e5c4ce005b3de8f5874ee>@@V<lambda_d90129c13df834fdcbf8d2b88dafcf2d>@@@?$__crt_seh_guarded_call@X@@QEAAX$$QEAV<lambda_842d9ff0dc9ef11c61343bbaebe7f885>@@AEAV<lambda_c5860995281e5c4ce005b3de8f5874ee>@@$$QEAV<lambda_d90129c13df834fdcbf8d2b88dafcf2d>@@@Z 0000000140017f20     libucrt:fflush.obj
 0002:00008f44       $unwind$??$?RV<lambda_886d6c58226a84441f68b9f2b8217b83>@@AEAV<lambda_ab61a845afdef5b7c387490eaf3616ee>@@V<lambda_f7f22ab5edc0698d5f6905b0d3f44752>@@@?$__crt_seh_guarded_call@X@@QEAAX$$QEAV<lambda_886d6c58226a84441f68b9f2b8217b83>@@AEAV<lambda_ab61a845afdef5b7c387490eaf3616ee>@@$$QEAV<lambda_f7f22ab5edc0698d5f6905b0d3f44752>@@@Z 0000000140017f44     libucrt:fflush.obj
 0002:00008f6c       $unwind$?__mbrtoc32_utf8@__crt_mbstring@@YA_KPEA_UPEBD_KPEAU_Mbstatet@@AEAV__crt_cached_ptd_host@@@Z 0000000140017f6c     libucrt:mbrtoc32.obj
 0002:00008f88       $unwind$?__mbsrtowcs_utf8@__crt_mbstring@@YA_KPEA_WPEAPEBD_KPEAU_Mbstatet@@AEAV__crt_cached_ptd_host@@@Z 0000000140017f88     libucrt:mbrtowc.obj
 0002:00008fa4       $unwind$qsort              0000000140017fa4     libucrt:qsort.obj
 0002:00008fbc       $chain$3$qsort             0000000140017fbc     libucrt:qsort.obj
 0002:00008fdc       $chain$4$qsort             0000000140017fdc     libucrt:qsort.obj
 0002:00008fec       $unwind$strpbrk            0000000140017fec     libucrt:strpbrk.obj
 0002:00008ffc       $unwind$fallbackMethod     0000000140017ffc     libucrt:strpbrk.obj
 0002:0000900c       $unwind$_mbsdec_l          000000014001800c     libucrt:mbsdec.obj
 0002:00009018       $unwind$__acrt_LCMapStringA 0000000140018018     libucrt:lcmapstringa.obj
 0002:00009028       $unwind$?__acrt_LCMapStringA_stat@@YAHPEAU__crt_locale_pointers@@PEB_WKPEBDHPEADHHH@Z 0000000140018028     libucrt:lcmapstringa.obj
 0002:00009050       $unwind$_msize_base        0000000140018050     libucrt:msize.obj
 0002:00009058       $unwind$_realloc_base      0000000140018058     libucrt:realloc_base.obj
 0002:00009064       $unwind$_commit            0000000140018064     libucrt:commit.obj
 0002:0000906c       $unwind$??$?RV<lambda_a37b2b86f63e897a80ea819b0eb08c01>@@AEAV<lambda_38ce7e780aa69e748d6df282ebc68efe>@@V<lambda_99fb1378e971ab6e7edea83e3a7a83a2>@@@?$__crt_seh_guarded_call@H@@QEAAH$$QEAV<lambda_a37b2b86f63e897a80ea819b0eb08c01>@@AEAV<lambda_38ce7e780aa69e748d6df282ebc68efe>@@$$QEAV<lambda_99fb1378e971ab6e7edea83e3a7a83a2>@@@Z 000000014001806c     libucrt:commit.obj
 0002:00009090       $unwind$_write_nolock      0000000140018090     libucrt:write.obj
 0002:000090a8       $unwind$_write_internal    00000001400180a8     libucrt:write.obj
 0002:000090d4       $unwind$_write_internal$fin$0 00000001400180d4     libucrt:write.obj
 0002:000090d4       $unwind$?fin$0@?0??_fclose_internal@@YAHQEAU_iobuf@@AEAV__crt_cached_ptd_host@@@Z@4HA 00000001400180d4     libucrt:fclose.obj
 0002:000090dc       $unwind$?write_double_translated_ansi_nolock@@YA?AUwrite_result@?A0x17268360@@HQEBDIAEAV__crt_cached_ptd_host@@@Z 00000001400180dc     libucrt:write.obj
 0002:00009108       $ip2state$?write_double_translated_ansi_nolock@@YA?AUwrite_result@?A0x17268360@@HQEBDIAEAV__crt_cached_ptd_host@@@Z 0000000140018108     libucrt:write.obj
 0002:00009110       $unwind$?write_text_ansi_nolock@@YA?AUwrite_result@?A0x17268360@@HQEBDI@Z 0000000140018110     libucrt:write.obj
 0002:00009110       $unwind$?write_text_utf16le_nolock@@YA?AUwrite_result@?A0x17268360@@HQEBDI@Z 0000000140018110     libucrt:write.obj
 0002:00009130       $unwind$?write_text_utf8_nolock@@YA?AUwrite_result@?A0x17268360@@HQEBDI@Z 0000000140018130     libucrt:write.obj
 0002:00009154       $unwind$_fcloseall         0000000140018154     libucrt:closeall.obj
 0002:00009178       $unwind$_guard_check_icall 0000000140018178     libucrt:checkcfg.obj
 0002:00009184       $unwind$_putwch_nolock     0000000140018184     libucrt:putwch.obj
 0002:0000918c       $unwind$?_fclose_nolock_internal@@YAHQEAU_iobuf@@AEAV__crt_cached_ptd_host@@@Z 000000014001818c     libucrt:fclose.obj
 0002:0000919c       $unwind$?_fclose_internal@@YAHQEAU_iobuf@@AEAV__crt_cached_ptd_host@@@Z 000000014001819c     libucrt:fclose.obj
 0002:000091c0       $unwind$_close_internal    00000001400181c0     libucrt:close.obj
 0002:000091c8       $unwind$??$?RV<lambda_ad8af0d99a0adf03d037d7dffe354bb5>@@AEAV<lambda_c9ba49e555ba839a7b07aa3fbecb7617>@@V<lambda_2f1ebd5d68526518146ae959c9e734c8>@@@?$__crt_seh_guarded_call@H@@QEAAH$$QEAV<lambda_ad8af0d99a0adf03d037d7dffe354bb5>@@AEAV<lambda_c9ba49e555ba839a7b07aa3fbecb7617>@@$$QEAV<lambda_2f1ebd5d68526518146ae959c9e734c8>@@@Z 00000001400181c8     libucrt:close.obj
 0002:000091ec       $unwind$__acrt_initialize_fma3 00000001400181ec     libucrt:fma3_available.obj
 0002:000091f4       $unwind$_IsNonwritableInCurrentImage 00000001400181f4     LIBCMT:pesect.obj
 0002:00009218       $unwind$__GSHandlerCheck_EH 0000000140018218     LIBCMT:gshandlereh.obj
 0002:00009228       $xdatasym                  0000000140018228     LIBCMT:chkstk.obj
 0002:00009230       $xdatasym$memset_repstos   0000000140018230     libvcruntime:memset.obj
 0002:000096a8       .idata$6                   00000001400186a8     user32:USER32.dll
 0002:000096c4       .idata$6                   00000001400186c4     gdi32:GDI32.dll
 0002:00009884       .idata$6                   0000000140018884     kernel32:KERNEL32.dll
 0003:00000070       ?__vcrt_flsindex@@3KA      0000000140019070     libvcruntime:per_thread_data.obj
 0003:00000090       ?__acrt_flsindex@@3KA      0000000140019090     libucrt:per_thread_data.obj
 0003:000000a0       ?errno_no_memory@@3HA      00000001400190a0     libucrt:errno.obj
 0003:000000a4       ?doserrno_no_memory@@3KA   00000001400190a4     libucrt:errno.obj
 0003:000002e0       _mbctypes                  00000001400192e0     libucrt:mbctype.obj
 0003:000003f0       _mbcasemaps                00000001400193f0     libucrt:mbctype.obj
 0003:000004f0       ?__rgctypeflag@@3PADA      00000001400194f0     libucrt:mbctype.obj
 0003:00000500       ?__rgcode_page_info@@3PAUcode_page_info@@A 0000000140019500     libucrt:mbctype.obj
 0003:00000a20       ?__dcrt_lowio_console_output_handle@@3PEAXEA 0000000140019a20     libucrt:initcon.obj
 0003:00000ab0       ?g_running@@3_NA           0000000140019ab0     win32_platform.obj
 0003:00000ac0       ?g_bitmap@@3UWin32_Bitmap@@A 0000000140019ac0     win32_platform.obj
 0003:00000b18       ?is_initialized_as_dll@@3_NA 0000000140019b18     LIBCMT:utility.obj
 0003:00000b19       ?module_local_atexit_table_initialized@@3_NA 0000000140019b19     LIBCMT:utility.obj
 0003:00000b20       ?module_local_atexit_table@@3U_onexit_table_t@@A 0000000140019b20     LIBCMT:utility.obj
 0003:00000b38       ?module_local_at_quick_exit_table@@3U_onexit_table_t@@A 0000000140019b38     LIBCMT:utility.obj
 0003:00000b90       ?__vcrt_startup_thread_ptd@@3U__vcrt_ptd@@A 0000000140019b90     libvcruntime:per_thread_data.obj
 0003:00000c10       __vcrt_lock_table          0000000140019c10     libvcruntime:locks.obj
 0003:00000c38       __vcrt_locks_initialized   0000000140019c38     libvcruntime:locks.obj
 0003:00000c48       ?__acrt_app_type@@3W4_crt_app_type@@A 0000000140019c48     libucrt:report_runtime_error.obj
 0003:00000c50       ?user_matherr@@3V?$dual_state_global@P6AHPEAU_exception@@@Z@__crt_state_management@@A 0000000140019c50     libucrt:matherr.obj
 0003:00000c60       ?program_name@?1???$common_configure_argv@D@@YAHW4_crt_argv_mode@@@Z@4PADA 0000000140019c60     libucrt:argv_parsing.obj
 0003:00000d88       ?empty_string@?1???$common_wincmdln@E@@YAPEAEXZ@4PAEA 0000000140019d88     libucrt:argv_winmain.obj
 0003:00000d8c       ?c_termination_complete@@3JA 0000000140019d8c     libucrt:exit.obj
 0003:00000d90       ?thread_local_exit_callback_func@@3P6AXPEAXK0@ZEA 0000000140019d90     libucrt:exit.obj
 0003:00000d98       ?c_exit_complete@?1???R<lambda_6e4b09c48022b2350581041d5f6b0c4c>@@QEBA@XZ@4_NA 0000000140019d98     libucrt:exit.obj
 0003:00000da0       ?__acrt_global_new_mode@@3V?$dual_state_global@J@__crt_state_management@@A 0000000140019da0     libucrt:new_mode.obj
 0003:00000de0       ?__acrt_invalid_parameter_handler@@3V?$dual_state_global@P6AXPEB_W00I_K@Z@__crt_state_management@@A 0000000140019de0     libucrt:invalid_parameter.obj
 0003:00000e00       ?fSystemSet@@3HA           0000000140019e00     libucrt:mbctype.obj
 0003:00000e04       ?initialized@?1??__acrt_initialize_multibyte@@9@4_NA 0000000140019e04     libucrt:mbctype.obj
 0003:00000e40       ?__acrt_lock_table@@3PAU_RTL_CRITICAL_SECTION@@A 0000000140019e40     libucrt:locks.obj
 0003:00001098       ?__acrt_locks_initialized@@3IA 000000014001a098     libucrt:locks.obj
 0003:000014b0       ?module_handles@@3PAPEAUHINSTANCE__@@A 000000014001a4b0     libucrt:winapi_thunks.obj
 0003:00001578       ?__acrt_new_handler@@3V?$dual_state_global@P6AH_K@Z@__crt_state_management@@A 000000014001a578     libucrt:new_handler.obj
 0003:00001580       ?ctrlc_action@@3V?$dual_state_global@P6AXH@Z@__crt_state_management@@A 000000014001a580     libucrt:signal.obj
 0003:00001588       ?ctrlbreak_action@@3V?$dual_state_global@P6AXH@Z@__crt_state_management@@A 000000014001a588     libucrt:signal.obj
 0003:00001590       ?abort_action@@3V?$dual_state_global@P6AXH@Z@__crt_state_management@@A 000000014001a590     libucrt:signal.obj
 0003:00001598       ?term_action@@3V?$dual_state_global@P6AXH@Z@__crt_state_management@@A 000000014001a598     libucrt:signal.obj
 0003:000015c0       ?internal_state@?1??_mbtowc_internal@@9@4U_Mbstatet@@A 000000014001a5c0     libucrt:mbtowc.obj
 0003:000015c8       ?internal_pst@?1??__mbrtoc32_utf8@__crt_mbstring@@YA_KPEA_UPEBD_KPEAU_Mbstatet@@AEAV__crt_cached_ptd_host@@@Z@4U3@A 000000014001a5c8     libucrt:mbrtoc32.obj
 0005:00000000       ?function_pointers@@3PAPEAXA 000000014001c000     libucrt:winapi_thunks.obj
